[crypto-tokenizer-admin-dashboard.multipurposethemes.com/bs5/main-dark/index.html]
[crypto-tokenizer-admin-dashboard.multipurposethemes.com/bs5/images/favicon.ico]
[backblue.gif]
[fade.gif]
[index.html]
[crypto-tokenizer-admin-dashboard.multipurposethemes.com/bs5/main-dark/css/vendors_css.css]
[crypto-tokenizer-admin-dashboard.multipurposethemes.com/bs5/main-dark/css/style.css]
[crypto-tokenizer-admin-dashboard.multipurposethemes.com/bs5/main-dark/css/skin_color.css]
[crypto-tokenizer-admin-dashboard.multipurposethemes.com/bs5/main-dark/index-2.html]
[crypto-tokenizer-admin-dashboard.multipurposethemes.com/bs5/images/logo-dark-text.png]
[crypto-tokenizer-admin-dashboard.multipurposethemes.com/bs5/images/logo-light-text.png]
[crypto-tokenizer-admin-dashboard.multipurposethemes.com/bs5/main-dark/index2.html]
[crypto-tokenizer-admin-dashboard.multipurposethemes.com/bs5/main-dark/index3.html]
[crypto-tokenizer-admin-dashboard.multipurposethemes.com/bs5/main-dark/index4.html]
[crypto-tokenizer-admin-dashboard.multipurposethemes.com/bs5/main-dark/index5.html]
[crypto-tokenizer-admin-dashboard.multipurposethemes.com/bs5/main-dark/index6.html]
[crypto-tokenizer-admin-dashboard.multipurposethemes.com/bs5/main-dark/index7.html]
[crypto-tokenizer-admin-dashboard.multipurposethemes.com/bs5/main-dark/index8.html]
[crypto-tokenizer-admin-dashboard.multipurposethemes.com/bs5/main-dark/index9.html]
[crypto-tokenizer-admin-dashboard.multipurposethemes.com/bs5/main-dark/index10.html]
[crypto-tokenizer-admin-dashboard.multipurposethemes.com/bs5/main-dark/index11.html]
[crypto-tokenizer-admin-dashboard.multipurposethemes.com/bs5/main-dark/charts_chartjs.html]
[crypto-tokenizer-admin-dashboard.multipurposethemes.com/bs5/main-dark/charts_flot.html]
[crypto-tokenizer-admin-dashboard.multipurposethemes.com/bs5/main-dark/charts_inline.html]
[crypto-tokenizer-admin-dashboard.multipurposethemes.com/bs5/main-dark/charts_morris.html]
[crypto-tokenizer-admin-dashboard.multipurposethemes.com/bs5/main-dark/charts_peity.html]
[crypto-tokenizer-admin-dashboard.multipurposethemes.com/bs5/main-dark/charts_chartist.html]
[crypto-tokenizer-admin-dashboard.multipurposethemes.com/bs5/main-dark/charts_c3_axis.html]
[crypto-tokenizer-admin-dashboard.multipurposethemes.com/bs5/main-dark/charts_c3_bar.html]
[crypto-tokenizer-admin-dashboard.multipurposethemes.com/bs5/main-dark/charts_c3_data.html]
[crypto-tokenizer-admin-dashboard.multipurposethemes.com/bs5/main-dark/charts_c3_line.html]
[crypto-tokenizer-admin-dashboard.multipurposethemes.com/bs5/main-dark/charts_echarts_basic.html]
[crypto-tokenizer-admin-dashboard.multipurposethemes.com/bs5/main-dark/charts_echarts_bar.html]
[crypto-tokenizer-admin-dashboard.multipurposethemes.com/bs5/main-dark/charts_echarts_pie_doughnut.html]
[crypto-tokenizer-admin-dashboard.multipurposethemes.com/bs5/main-dark/reports_transactions.html]
[crypto-tokenizer-admin-dashboard.multipurposethemes.com/bs5/main-dark/reports_top_gainers_losers.html]
[crypto-tokenizer-admin-dashboard.multipurposethemes.com/bs5/main-dark/reports_market_capitalizations.html]
[crypto-tokenizer-admin-dashboard.multipurposethemes.com/bs5/main-dark/reports_crypto_stats.html]
[crypto-tokenizer-admin-dashboard.multipurposethemes.com/bs5/main-dark/ico_distribution_countdown.html]
[crypto-tokenizer-admin-dashboard.multipurposethemes.com/bs5/main-dark/ico_roadmap_timeline.html]
[crypto-tokenizer-admin-dashboard.multipurposethemes.com/bs5/main-dark/ico_progress.html]
[crypto-tokenizer-admin-dashboard.multipurposethemes.com/bs5/main-dark/ico_details.html]
[crypto-tokenizer-admin-dashboard.multipurposethemes.com/bs5/main-dark/ico_listing.html]
[crypto-tokenizer-admin-dashboard.multipurposethemes.com/bs5/main-dark/ico_filter.html]
[crypto-tokenizer-admin-dashboard.multipurposethemes.com/bs5/main-dark/currency_exchange.html]
[crypto-tokenizer-admin-dashboard.multipurposethemes.com/bs5/main-dark/members.html]
[crypto-tokenizer-admin-dashboard.multipurposethemes.com/bs5/main-dark/members_list.html]
[crypto-tokenizer-admin-dashboard.multipurposethemes.com/bs5/main-dark/member_profile.html]
[crypto-tokenizer-admin-dashboard.multipurposethemes.com/bs5/main-dark/tickers.html]
[crypto-tokenizer-admin-dashboard.multipurposethemes.com/bs5/main-dark/tickers_live_pricing.html]
[crypto-tokenizer-admin-dashboard.multipurposethemes.com/bs5/main-dark/transactions_tables.html]
[crypto-tokenizer-admin-dashboard.multipurposethemes.com/bs5/main-dark/transaction_search.html]
[crypto-tokenizer-admin-dashboard.multipurposethemes.com/bs5/main-dark/transaction_details.html]
[crypto-tokenizer-admin-dashboard.multipurposethemes.com/bs5/main-dark/transactions_counter.html]
[crypto-tokenizer-admin-dashboard.multipurposethemes.com/bs5/main-dark/contact_app_chat.html]
[crypto-tokenizer-admin-dashboard.multipurposethemes.com/bs5/main-dark/extra_taskboard.html]
[crypto-tokenizer-admin-dashboard.multipurposethemes.com/bs5/main-dark/extra_calendar.html]
[crypto-tokenizer-admin-dashboard.multipurposethemes.com/bs5/main-dark/extra_app_ticket.html]
[crypto-tokenizer-admin-dashboard.multipurposethemes.com/bs5/main-dark/mailbox.html]
[crypto-tokenizer-admin-dashboard.multipurposethemes.com/bs5/main-dark/invoice.html]
[crypto-tokenizer-admin-dashboard.multipurposethemes.com/bs5/main-dark/invoicelist.html]
[crypto-tokenizer-admin-dashboard.multipurposethemes.com/bs5/main-dark/map_google.html]
[crypto-tokenizer-admin-dashboard.multipurposethemes.com/bs5/main-dark/map_vector.html]
[crypto-tokenizer-admin-dashboard.multipurposethemes.com/bs5/main-dark/email_index.html]
[crypto-tokenizer-admin-dashboard.multipurposethemes.com/bs5/main-dark/component_sweatalert.html]
[crypto-tokenizer-admin-dashboard.multipurposethemes.com/bs5/main-dark/component_notification.html]
[crypto-tokenizer-admin-dashboard.multipurposethemes.com/bs5/main-dark/extension_fullscreen.html]
[crypto-tokenizer-admin-dashboard.multipurposethemes.com/bs5/main-dark/extension_pace.html]
[crypto-tokenizer-admin-dashboard.multipurposethemes.com/bs5/main-dark/component_nestable.html]
[crypto-tokenizer-admin-dashboard.multipurposethemes.com/bs5/main-dark/component_portlet_draggable.html]
[crypto-tokenizer-admin-dashboard.multipurposethemes.com/bs5/main-dark/ui_typography.html]
[crypto-tokenizer-admin-dashboard.multipurposethemes.com/bs5/main-dark/ui_grid.html]
[crypto-tokenizer-admin-dashboard.multipurposethemes.com/bs5/main-dark/ui_tab.html]
[crypto-tokenizer-admin-dashboard.multipurposethemes.com/bs5/main-dark/ui_timeline.html]
[crypto-tokenizer-admin-dashboard.multipurposethemes.com/bs5/main-dark/ui_timeline_horizontal.html]
[crypto-tokenizer-admin-dashboard.multipurposethemes.com/bs5/main-dark/component_bootstrap_switch.html]
[crypto-tokenizer-admin-dashboard.multipurposethemes.com/bs5/main-dark/component_date_paginator.html]
[crypto-tokenizer-admin-dashboard.multipurposethemes.com/bs5/main-dark/component_media_advanced.html]
[crypto-tokenizer-admin-dashboard.multipurposethemes.com/bs5/main-dark/component_modals.html]
[crypto-tokenizer-admin-dashboard.multipurposethemes.com/bs5/main-dark/component_rangeslider.html]
[crypto-tokenizer-admin-dashboard.multipurposethemes.com/bs5/main-dark/component_rating.html]
[crypto-tokenizer-admin-dashboard.multipurposethemes.com/bs5/main-dark/component_animations.html]
[crypto-tokenizer-admin-dashboard.multipurposethemes.com/bs5/main-dark/box_advanced.html]
[crypto-tokenizer-admin-dashboard.multipurposethemes.com/bs5/main-dark/box_basic.html]
[crypto-tokenizer-admin-dashboard.multipurposethemes.com/bs5/main-dark/box_color.html]
[crypto-tokenizer-admin-dashboard.multipurposethemes.com/bs5/main-dark/ui_color_utilities.html]
[crypto-tokenizer-admin-dashboard.multipurposethemes.com/bs5/main-dark/icons_fontawesome.html]
[crypto-tokenizer-admin-dashboard.multipurposethemes.com/bs5/main-dark/icons_glyphicons.html]
[crypto-tokenizer-admin-dashboard.multipurposethemes.com/bs5/main-dark/icons_material.html]
[crypto-tokenizer-admin-dashboard.multipurposethemes.com/bs5/main-dark/icons_themify.html]
[crypto-tokenizer-admin-dashboard.multipurposethemes.com/bs5/main-dark/icons_simpleline.html]
[crypto-tokenizer-admin-dashboard.multipurposethemes.com/bs5/main-dark/icons_cryptocoins.html]
[crypto-tokenizer-admin-dashboard.multipurposethemes.com/bs5/main-dark/icons_flag.html]
[crypto-tokenizer-admin-dashboard.multipurposethemes.com/bs5/main-dark/icons_weather.html]
[crypto-tokenizer-admin-dashboard.multipurposethemes.com/bs5/main-dark/ui_badges.html]
[crypto-tokenizer-admin-dashboard.multipurposethemes.com/bs5/main-dark/ui_border_utilities.html]
[crypto-tokenizer-admin-dashboard.multipurposethemes.com/bs5/main-dark/ui_buttons.html]
[crypto-tokenizer-admin-dashboard.multipurposethemes.com/bs5/main-dark/ui_dropdown.html]
[crypto-tokenizer-admin-dashboard.multipurposethemes.com/bs5/main-dark/ui_dropdown_grid.html]
[crypto-tokenizer-admin-dashboard.multipurposethemes.com/bs5/main-dark/ui_progress_bars.html]
[crypto-tokenizer-admin-dashboard.multipurposethemes.com/bs5/main-dark/ui_ribbons.html]
[crypto-tokenizer-admin-dashboard.multipurposethemes.com/bs5/main-dark/ui_sliders.html]
[crypto-tokenizer-admin-dashboard.multipurposethemes.com/bs5/main-dark/forms_advanced.html]
[crypto-tokenizer-admin-dashboard.multipurposethemes.com/bs5/main-dark/forms_mask.html]
[crypto-tokenizer-admin-dashboard.multipurposethemes.com/bs5/main-dark/forms_xeditable.html]
[crypto-tokenizer-admin-dashboard.multipurposethemes.com/bs5/main-dark/forms_code_editor.html]
[crypto-tokenizer-admin-dashboard.multipurposethemes.com/bs5/main-dark/forms_editors.html]
[crypto-tokenizer-admin-dashboard.multipurposethemes.com/bs5/main-dark/forms_dropzone.html]
[crypto-tokenizer-admin-dashboard.multipurposethemes.com/bs5/main-dark/forms_editor_markdown.html]
[crypto-tokenizer-admin-dashboard.multipurposethemes.com/bs5/main-dark/forms_general.html]
[crypto-tokenizer-admin-dashboard.multipurposethemes.com/bs5/main-dark/forms_wizard.html]
[crypto-tokenizer-admin-dashboard.multipurposethemes.com/bs5/main-dark/forms_validation.html]
[crypto-tokenizer-admin-dashboard.multipurposethemes.com/bs5/main-dark/auth_login.html]
[crypto-tokenizer-admin-dashboard.multipurposethemes.com/bs5/main-dark/auth_login2.html]
[crypto-tokenizer-admin-dashboard.multipurposethemes.com/bs5/main-dark/auth_register.html]
[crypto-tokenizer-admin-dashboard.multipurposethemes.com/bs5/main-dark/auth_register2.html]
[crypto-tokenizer-admin-dashboard.multipurposethemes.com/bs5/main-dark/auth_lockscreen.html]
[crypto-tokenizer-admin-dashboard.multipurposethemes.com/bs5/main-dark/auth_user_pass.html]
[crypto-tokenizer-admin-dashboard.multipurposethemes.com/bs5/main-dark/error_400.html]
[crypto-tokenizer-admin-dashboard.multipurposethemes.com/bs5/main-dark/error_403.html]
[crypto-tokenizer-admin-dashboard.multipurposethemes.com/bs5/main-dark/error_404.html]
[crypto-tokenizer-admin-dashboard.multipurposethemes.com/bs5/main-dark/error_500.html]
[crypto-tokenizer-admin-dashboard.multipurposethemes.com/bs5/main-dark/error_503.html]
[crypto-tokenizer-admin-dashboard.multipurposethemes.com/bs5/main-dark/error_maintenance.html]
[crypto-tokenizer-admin-dashboard.multipurposethemes.com/bs5/main-dark/sample_blank.html]
[crypto-tokenizer-admin-dashboard.multipurposethemes.com/bs5/main-dark/sample_coming_soon.html]
[crypto-tokenizer-admin-dashboard.multipurposethemes.com/bs5/main-dark/sample_faq.html]
[crypto-tokenizer-admin-dashboard.multipurposethemes.com/bs5/images/crypto-join.png]
[crypto-tokenizer-admin-dashboard.multipurposethemes.com/bs5/images/avatar/1.jpg]
[crypto-tokenizer-admin-dashboard.multipurposethemes.com/bs5/images/avatar/2.jpg]
[crypto-tokenizer-admin-dashboard.multipurposethemes.com/bs5/images/avatar/3.jpg]
[crypto-tokenizer-admin-dashboard.multipurposethemes.com/bs5/images/avatar/4.jpg]
[crypto-tokenizer-admin-dashboard.multipurposethemes.com/bs5/main-dark/js/vendors.min.js]
[crypto-tokenizer-admin-dashboard.multipurposethemes.com/bs5/main-dark/js/pages/chat-popup.js]
[crypto-tokenizer-admin-dashboard.multipurposethemes.com/bs5/assets/icons/feather-icons/feather.min.js]
[crypto-tokenizer-admin-dashboard.multipurposethemes.com/bs5/assets/vendor_components/apexcharts-bundle/irregular-data-series.js]
[crypto-tokenizer-admin-dashboard.multipurposethemes.com/bs5/assets/vendor_components/apexcharts-bundle/dist/apexcharts.js]
[www.amcharts.com/lib/4/core.js]
[www.amcharts.com/lib/4/themes/animated.js]
[www.amcharts.com/lib/4/charts.js]
[crypto-tokenizer-admin-dashboard.multipurposethemes.com/bs5/assets/vendor_components/Web-Ticker-master/jquery.webticker.min.js]
[crypto-tokenizer-admin-dashboard.multipurposethemes.com/bs5/main-dark/js/template.js]
[crypto-tokenizer-admin-dashboard.multipurposethemes.com/bs5/main-dark/index.html]
[crypto-tokenizer-admin-dashboard.multipurposethemes.com/bs5/main-dark/index-2.html]
[crypto-tokenizer-admin-dashboard.multipurposethemes.com/bs5/main-dark/js/pages/dashboard.js]
[crypto-tokenizer-admin-dashboard.multipurposethemes.com/bs5/main-dark/index2.html]
[crypto-tokenizer-admin-dashboard.multipurposethemes.com/bs5/main-dark/js/pages/dashboard2.js]
[crypto-tokenizer-admin-dashboard.multipurposethemes.com/bs5/main-dark/index3.html]
[crypto-tokenizer-admin-dashboard.multipurposethemes.com/bs5/main-dark/js/pages/dashboard3.js]
[crypto-tokenizer-admin-dashboard.multipurposethemes.com/bs5/assets/vendor_components/datatable/datatables.min.js]
[crypto-tokenizer-admin-dashboard.multipurposethemes.com/bs5/main-dark/index4.html]
[crypto-tokenizer-admin-dashboard.multipurposethemes.com/bs5/main-dark/js/pages/dashboard4.js]
[crypto-tokenizer-admin-dashboard.multipurposethemes.com/bs5/images/avatar/6.jpg]
[code.highcharts.com/highcharts.a1.delayed]
[code.highcharts.com/modules/data.js]
[code.highcharts.com/modules/exporting.js]
[code.highcharts.com/modules/export-data.js]
[crypto-tokenizer-admin-dashboard.multipurposethemes.com/bs5/main-dark/index5.html]
[crypto-tokenizer-admin-dashboard.multipurposethemes.com/bs5/main-dark/js/pages/dashboard5.js]
[crypto-tokenizer-admin-dashboard.multipurposethemes.com/bs5/main-dark/index6.html]
[crypto-tokenizer-admin-dashboard.multipurposethemes.com/bs5/main-dark/js/pages/dashboard6.js]
[crypto-tokenizer-admin-dashboard.multipurposethemes.com/bs5/assets/vendor_components/bootstrap-select/dist/js/bootstrap-select.js]
[crypto-tokenizer-admin-dashboard.multipurposethemes.com/bs5/main-dark/index7.html]
[crypto-tokenizer-admin-dashboard.multipurposethemes.com/bs5/main-dark/js/pages/dashboard7.js]
[crypto-tokenizer-admin-dashboard.multipurposethemes.com/bs5/main-dark/index8.html]
[crypto-tokenizer-admin-dashboard.multipurposethemes.com/bs5/main-dark/js/pages/dashboard8.js]
[crypto-tokenizer-admin-dashboard.multipurposethemes.com/bs5/assets/vendor_components/apexcharts-bundle/data.js]
[www.amcharts.com/lib/4/themes/kelly.js]
[crypto-tokenizer-admin-dashboard.multipurposethemes.com/bs5/main-dark/index9.html]
[crypto-tokenizer-admin-dashboard.multipurposethemes.com/bs5/main-dark/js/pages/dashboard9.js]
[crypto-tokenizer-admin-dashboard.multipurposethemes.com/bs5/main-dark/index10.html]
[crypto-tokenizer-admin-dashboard.multipurposethemes.com/bs5/main-dark/js/pages/dashboard10.js]
[s3.tradingview.com/external-embedding/embed-widget-technical-analysis.js]
[s3.tradingview.com/external-embedding/embed-widget-market-quotes.js]
[s3.tradingview.com/tv.js]
[crypto-tokenizer-admin-dashboard.multipurposethemes.com/bs5/main-dark/index11.html]
[crypto-tokenizer-admin-dashboard.multipurposethemes.com/bs5/main-dark/js/pages/dashboard11.js]
[crypto-tokenizer-admin-dashboard.multipurposethemes.com/bs5/assets/vendor_components/chart.js-master/Chart.min.js]
[crypto-tokenizer-admin-dashboard.multipurposethemes.com/bs5/main-dark/charts_chartjs.html]
[crypto-tokenizer-admin-dashboard.multipurposethemes.com/bs5/main-dark/js/pages/widget-charts2.js]
[crypto-tokenizer-admin-dashboard.multipurposethemes.com/bs5/assets/vendor_components/Flot/jquery.flot.js]
[crypto-tokenizer-admin-dashboard.multipurposethemes.com/bs5/assets/vendor_components/Flot/jquery.flot.resize.js]
[crypto-tokenizer-admin-dashboard.multipurposethemes.com/bs5/assets/vendor_components/Flot/jquery.flot.pie.js]
[crypto-tokenizer-admin-dashboard.multipurposethemes.com/bs5/assets/vendor_components/Flot/jquery.flot.categories.js]
[crypto-tokenizer-admin-dashboard.multipurposethemes.com/bs5/main-dark/charts_flot.html]
[crypto-tokenizer-admin-dashboard.multipurposethemes.com/bs5/main-dark/js/pages/widget-flot-charts.js]
[crypto-tokenizer-admin-dashboard.multipurposethemes.com/bs5/assets/vendor_components/jquery-knob/js/jquery.knob.js]
[crypto-tokenizer-admin-dashboard.multipurposethemes.com/bs5/main-dark/charts_inline.html]
[crypto-tokenizer-admin-dashboard.multipurposethemes.com/bs5/main-dark/js/pages/widget-inline-charts.js]
[crypto-tokenizer-admin-dashboard.multipurposethemes.com/bs5/assets/vendor_components/raphael/raphael.min.js]
[crypto-tokenizer-admin-dashboard.multipurposethemes.com/bs5/assets/vendor_components/morris.js/morris.min.js]
[crypto-tokenizer-admin-dashboard.multipurposethemes.com/bs5/main-dark/charts_morris.html]
[crypto-tokenizer-admin-dashboard.multipurposethemes.com/bs5/main-dark/js/pages/widget-morris-charts.js]
[crypto-tokenizer-admin-dashboard.multipurposethemes.com/bs5/assets/vendor_components/jquery.peity/jquery.peity.js]
[crypto-tokenizer-admin-dashboard.multipurposethemes.com/bs5/main-dark/charts_peity.html]
[crypto-tokenizer-admin-dashboard.multipurposethemes.com/bs5/main-dark/js/pages/peity.js]
[crypto-tokenizer-admin-dashboard.multipurposethemes.com/bs5/assets/vendor_components/chartist-js-develop/chartist.js]
[crypto-tokenizer-admin-dashboard.multipurposethemes.com/bs5/main-dark/charts_chartist.html]
[crypto-tokenizer-admin-dashboard.multipurposethemes.com/bs5/main-dark/js/pages/widget-chartist.js]
[crypto-tokenizer-admin-dashboard.multipurposethemes.com/bs5/assets/vendor_components/c3/d3.min.js]
[crypto-tokenizer-admin-dashboard.multipurposethemes.com/bs5/assets/vendor_components/c3/c3.min.js]
[crypto-tokenizer-admin-dashboard.multipurposethemes.com/bs5/main-dark/charts_c3_axis.html]
[crypto-tokenizer-admin-dashboard.multipurposethemes.com/bs5/main-dark/js/pages/c3-axis.js]
[crypto-tokenizer-admin-dashboard.multipurposethemes.com/bs5/main-dark/charts_c3_bar.html]
[crypto-tokenizer-admin-dashboard.multipurposethemes.com/bs5/main-dark/js/pages/c3-bar-pie.js]
[crypto-tokenizer-admin-dashboard.multipurposethemes.com/bs5/main-dark/charts_c3_data.html]
[crypto-tokenizer-admin-dashboard.multipurposethemes.com/bs5/main-dark/js/pages/c3-data.js]
[crypto-tokenizer-admin-dashboard.multipurposethemes.com/bs5/main-dark/js/pages/c3-line.js]
[crypto-tokenizer-admin-dashboard.multipurposethemes.com/bs5/main-dark/js/pages/c3-stap-line.js]
[crypto-tokenizer-admin-dashboard.multipurposethemes.com/bs5/main-dark/charts_c3_line.html]
[crypto-tokenizer-admin-dashboard.multipurposethemes.com/bs5/main-dark/js/pages/c3-multi-xy-line.js]
[crypto-tokenizer-admin-dashboard.multipurposethemes.com/bs5/main-dark/charts_echarts_basic.html]
[crypto-tokenizer-admin-dashboard.multipurposethemes.com/bs5/main-dark/js/pages/echart-line-charts.js]
[crypto-tokenizer-admin-dashboard.multipurposethemes.com/bs5/assets/vendor_components/echarts/dist/echarts-en.min.js]
[crypto-tokenizer-admin-dashboard.multipurposethemes.com/bs5/main-dark/charts_echarts_bar.html]
[crypto-tokenizer-admin-dashboard.multipurposethemes.com/bs5/main-dark/js/pages/echart-bar.js]
[crypto-tokenizer-admin-dashboard.multipurposethemes.com/bs5/main-dark/charts_echarts_pie_doughnut.html]
[crypto-tokenizer-admin-dashboard.multipurposethemes.com/bs5/main-dark/reports_transactions.html]
[crypto-tokenizer-admin-dashboard.multipurposethemes.com/bs5/main-dark/reports_top_gainers_losers.html]
[crypto-tokenizer-admin-dashboard.multipurposethemes.com/bs5/main-dark/js/pages/echart-pie-doghnut.js]
[crypto-tokenizer-admin-dashboard.multipurposethemes.com/bs5/main-dark/reports_market_capitalizations.html]
[crypto-tokenizer-admin-dashboard.multipurposethemes.com/bs5/main-dark/js/pages/market-capitalizations.js]
[crypto-tokenizer-admin-dashboard.multipurposethemes.com/bs5/main-dark/reports_crypto_stats.html]
[crypto-tokenizer-admin-dashboard.multipurposethemes.com/bs5/main-dark/js/pages/chartjs-int.js]
[crypto-tokenizer-admin-dashboard.multipurposethemes.com/bs5/assets/vendor_components/FlipClock-master/compiled/flipclock.min.js]
[crypto-tokenizer-admin-dashboard.multipurposethemes.com/bs5/main-dark/ico_distribution_countdown.html]
[crypto-tokenizer-admin-dashboard.multipurposethemes.com/bs5/main-dark/ico_roadmap_timeline.html]
[crypto-tokenizer-admin-dashboard.multipurposethemes.com/bs5/main-dark/js/pages/countdown.js]
[crypto-tokenizer-admin-dashboard.multipurposethemes.com/bs5/main-dark/ico_progress.html]
[crypto-tokenizer-admin-dashboard.multipurposethemes.com/bs5/main-dark/js/pages/progress-animation.js]
[crypto-tokenizer-admin-dashboard.multipurposethemes.com/bs5/images/gallery/thumb/4.jpg]
[crypto-tokenizer-admin-dashboard.multipurposethemes.com/bs5/images/gallery/thumb/5.jpg]
[crypto-tokenizer-admin-dashboard.multipurposethemes.com/bs5/images/gallery/thumb/6.jpg]
[crypto-tokenizer-admin-dashboard.multipurposethemes.com/bs5/images/gallery/thumb/1.jpg]
[crypto-tokenizer-admin-dashboard.multipurposethemes.com/bs5/main-dark/ico_details.html]
[crypto-tokenizer-admin-dashboard.multipurposethemes.com/bs5/main-dark/ico_listing.html]
[crypto-tokenizer-admin-dashboard.multipurposethemes.com/bs5/assets/vendor_components/mixitup-v3/dist/mixitup.js]
[crypto-tokenizer-admin-dashboard.multipurposethemes.com/bs5/main-dark/ico_filter.html]
[crypto-tokenizer-admin-dashboard.multipurposethemes.com/bs5/main-dark/js/pages/ico-filter.js]
[crypto-tokenizer-admin-dashboard.multipurposethemes.com/bs5/main-dark/currency_exchange.html]
[crypto-tokenizer-admin-dashboard.multipurposethemes.com/bs5/assets/vendor_components/select2/dist/js/select2.full.js]
[crypto-tokenizer-admin-dashboard.multipurposethemes.com/bs5/images/avatar/375x200/1.jpg]
[crypto-tokenizer-admin-dashboard.multipurposethemes.com/bs5/images/avatar/375x200/2.jpg]
[crypto-tokenizer-admin-dashboard.multipurposethemes.com/bs5/images/avatar/375x200/3.jpg]
[crypto-tokenizer-admin-dashboard.multipurposethemes.com/bs5/images/avatar/375x200/4.jpg]
[crypto-tokenizer-admin-dashboard.multipurposethemes.com/bs5/images/avatar/375x200/5.jpg]
[crypto-tokenizer-admin-dashboard.multipurposethemes.com/bs5/images/avatar/375x200/6.jpg]
[crypto-tokenizer-admin-dashboard.multipurposethemes.com/bs5/images/avatar/375x200/7.jpg]
[crypto-tokenizer-admin-dashboard.multipurposethemes.com/bs5/images/avatar/375x200/8.jpg]
[crypto-tokenizer-admin-dashboard.multipurposethemes.com/bs5/main-dark/members.html]
[crypto-tokenizer-admin-dashboard.multipurposethemes.com/bs5/images/avatar/5.jpg]
[crypto-tokenizer-admin-dashboard.multipurposethemes.com/bs5/images/avatar/7.jpg]
[crypto-tokenizer-admin-dashboard.multipurposethemes.com/bs5/images/avatar/8.jpg]
[crypto-tokenizer-admin-dashboard.multipurposethemes.com/bs5/images/avatar/9.jpg]
[crypto-tokenizer-admin-dashboard.multipurposethemes.com/bs5/main-dark/members_list.html]
[crypto-tokenizer-admin-dashboard.multipurposethemes.com/bs5/images/5.jpg]
[crypto-tokenizer-admin-dashboard.multipurposethemes.com/bs5/main-dark/member_profile.html]
[crypto-tokenizer-admin-dashboard.multipurposethemes.com/bs5/main-dark/tickers.html]
[crypto-tokenizer-admin-dashboard.multipurposethemes.com/bs5/main-dark/tickers_live_pricing.html]
[crypto-tokenizer-admin-dashboard.multipurposethemes.com/bs5/main-dark/transactions_tables.html]
[crypto-tokenizer-admin-dashboard.multipurposethemes.com/bs5/main-dark/transaction_search.html]
[crypto-tokenizer-admin-dashboard.multipurposethemes.com/bs5/main-dark/js/pages/web-ticker.js]
[crypto-tokenizer-admin-dashboard.multipurposethemes.com/bs5/images/qrcode.png]
[crypto-tokenizer-admin-dashboard.multipurposethemes.com/bs5/main-dark/transaction_details.html]
[crypto-tokenizer-admin-dashboard.multipurposethemes.com/bs5/main-dark/transactions_counter.html]
[crypto-tokenizer-admin-dashboard.multipurposethemes.com/bs5/assets/vendor_components/countdown/countdown.js]
[crypto-tokenizer-admin-dashboard.multipurposethemes.com/bs5/assets/vendor_components/moment/min/moment.min.js]
[crypto-tokenizer-admin-dashboard.multipurposethemes.com/bs5/assets/vendor_components/fullcalendar/fullcalendar.js]
[crypto-tokenizer-admin-dashboard.multipurposethemes.com/bs5/main-dark/contact_app_chat.html]
[crypto-tokenizer-admin-dashboard.multipurposethemes.com/bs5/main-dark/js/pages/calendar.js]
[crypto-tokenizer-admin-dashboard.multipurposethemes.com/bs5/assets/vendor_components/jquery-ui/jquery-ui.js]
[crypto-tokenizer-admin-dashboard.multipurposethemes.com/bs5/main-dark/extra_taskboard.html]
[crypto-tokenizer-admin-dashboard.multipurposethemes.com/bs5/main-dark/js/pages/extra_taskboard.js]
[crypto-tokenizer-admin-dashboard.multipurposethemes.com/bs5/assets/vendor_components/jquery-ui/jquery-ui.min.js]
[crypto-tokenizer-admin-dashboard.multipurposethemes.com/bs5/assets/vendor_components/perfect-scrollbar-master/perfect-scrollbar.jquery.min.js]
[crypto-tokenizer-admin-dashboard.multipurposethemes.com/bs5/assets/vendor_components/fullcalendar/lib/moment.min.js]
[crypto-tokenizer-admin-dashboard.multipurposethemes.com/bs5/main-dark/extra_calendar.html]
[crypto-tokenizer-admin-dashboard.multipurposethemes.com/bs5/assets/vendor_components/fullcalendar/fullcalendar.min.js]
[crypto-tokenizer-admin-dashboard.multipurposethemes.com/bs5/main-dark/js/pages/data-table.js]
[crypto-tokenizer-admin-dashboard.multipurposethemes.com/bs5/main-dark/extra_app_ticket.html]
[crypto-tokenizer-admin-dashboard.multipurposethemes.com/bs5/main-dark/js/pages/app-ticket.js]
[crypto-tokenizer-admin-dashboard.multipurposethemes.com/bs5/images/1.jpg]
[crypto-tokenizer-admin-dashboard.multipurposethemes.com/bs5/assets/vendor_plugins/iCheck/icheck.js]
[crypto-tokenizer-admin-dashboard.multipurposethemes.com/bs5/assets/vendor_plugins/bootstrap-wysihtml5/bootstrap3-wysihtml5.all.min.js]
[crypto-tokenizer-admin-dashboard.multipurposethemes.com/bs5/main-dark/js/pages/mailbox.js]
[crypto-tokenizer-admin-dashboard.multipurposethemes.com/bs5/main-dark/mailbox.html]
[crypto-tokenizer-admin-dashboard.multipurposethemes.com/bs5/main-dark/js/pages/form-compose.js]
[crypto-tokenizer-admin-dashboard.multipurposethemes.com/bs5/assets/vendor_plugins/JqueryPrintArea/demo/jquery.PrintArea.js]
[crypto-tokenizer-admin-dashboard.multipurposethemes.com/bs5/main-dark/invoice.html]
[crypto-tokenizer-admin-dashboard.multipurposethemes.com/bs5/main-dark/invoicelist.html]
[crypto-tokenizer-admin-dashboard.multipurposethemes.com/bs5/main-dark/js/pages/invoice.js]
[crypto-tokenizer-admin-dashboard.multipurposethemes.com/bs5/assets/vendor_components/gmaps/gmaps.min.js]
[crypto-tokenizer-admin-dashboard.multipurposethemes.com/bs5/main-dark/map_google.html]
[crypto-tokenizer-admin-dashboard.multipurposethemes.com/bs5/assets/vendor_components/gmaps/jquery.gmaps.js]
[crypto-tokenizer-admin-dashboard.multipurposethemes.com/bs5/assets/vendor_components/jvectormap/lib2/jquery-jvectormap-2.0.2.min.js]
[crypto-tokenizer-admin-dashboard.multipurposethemes.com/bs5/assets/vendor_components/jvectormap/lib2/jquery-jvectormap-world-mill-en.js]
[crypto-tokenizer-admin-dashboard.multipurposethemes.com/bs5/assets/vendor_components/jvectormap/lib2/jquery-jvectormap-in-mill.js]
[crypto-tokenizer-admin-dashboard.multipurposethemes.com/bs5/assets/vendor_components/jvectormap/lib2/jquery-jvectormap-us-aea-en.js]
[crypto-tokenizer-admin-dashboard.multipurposethemes.com/bs5/assets/vendor_components/jvectormap/lib2/jquery-jvectormap-uk-mill-en.js]
[crypto-tokenizer-admin-dashboard.multipurposethemes.com/bs5/assets/vendor_components/jvectormap/lib2/jquery-jvectormap-au-mill.js]
[crypto-tokenizer-admin-dashboard.multipurposethemes.com/bs5/main-dark/map_vector.html]
[crypto-tokenizer-admin-dashboard.multipurposethemes.com/bs5/assets/vendor_components/jvectormap/lib2/jvectormap.custom.js]
[crypto-tokenizer-admin-dashboard.multipurposethemes.com/bs5/main-dark/email_welcome.html]
[crypto-tokenizer-admin-dashboard.multipurposethemes.com/bs5/images/preview/email-welcome.png]
[crypto-tokenizer-admin-dashboard.multipurposethemes.com/bs5/main-dark/email_verify_email.html]
[crypto-tokenizer-admin-dashboard.multipurposethemes.com/bs5/images/preview/email-verify-email.png]
[crypto-tokenizer-admin-dashboard.multipurposethemes.com/bs5/main-dark/email_change_pass.html]
[crypto-tokenizer-admin-dashboard.multipurposethemes.com/bs5/images/preview/email-change-pass.png]
[crypto-tokenizer-admin-dashboard.multipurposethemes.com/bs5/main-dark/email_update.html]
[crypto-tokenizer-admin-dashboard.multipurposethemes.com/bs5/images/preview/email-update.png]
[crypto-tokenizer-admin-dashboard.multipurposethemes.com/bs5/main-dark/email_expired_card.html]
[crypto-tokenizer-admin-dashboard.multipurposethemes.com/bs5/images/preview/email-expired-card.png]
[crypto-tokenizer-admin-dashboard.multipurposethemes.com/bs5/main-dark/email_closed_account.html]
[crypto-tokenizer-admin-dashboard.multipurposethemes.com/bs5/images/preview/email-closed-account.png]
[crypto-tokenizer-admin-dashboard.multipurposethemes.com/bs5/main-dark/email_index.html]
[crypto-tokenizer-admin-dashboard.multipurposethemes.com/bs5/images/alert/alert.png]
[crypto-tokenizer-admin-dashboard.multipurposethemes.com/bs5/images/alert/alert2.png]
[crypto-tokenizer-admin-dashboard.multipurposethemes.com/bs5/images/alert/alert3.png]
[crypto-tokenizer-admin-dashboard.multipurposethemes.com/bs5/images/alert/alert4.png]
[crypto-tokenizer-admin-dashboard.multipurposethemes.com/bs5/images/alert/alert5.png]
[crypto-tokenizer-admin-dashboard.multipurposethemes.com/bs5/images/alert/alert7.png]
[crypto-tokenizer-admin-dashboard.multipurposethemes.com/bs5/images/alert/alert6.png]
[crypto-tokenizer-admin-dashboard.multipurposethemes.com/bs5/assets/vendor_components/sweetalert/sweetalert.min.js]
[crypto-tokenizer-admin-dashboard.multipurposethemes.com/bs5/main-dark/component_sweatalert.html]
[crypto-tokenizer-admin-dashboard.multipurposethemes.com/bs5/assets/vendor_components/sweetalert/jquery.sweet-alert.custom.js]
[crypto-tokenizer-admin-dashboard.multipurposethemes.com/bs5/images/avatar5.png]
[crypto-tokenizer-admin-dashboard.multipurposethemes.com/bs5/images/avatar2.png]
[crypto-tokenizer-admin-dashboard.multipurposethemes.com/bs5/images/avatar.png]
[crypto-tokenizer-admin-dashboard.multipurposethemes.com/bs5/images/avatar3.png]
[crypto-tokenizer-admin-dashboard.multipurposethemes.com/bs5/assets/vendor_components/jquery-toast-plugin-master/src/jquery.toast.js]
[crypto-tokenizer-admin-dashboard.multipurposethemes.com/bs5/main-dark/js/pages/toastr.js]
[crypto-tokenizer-admin-dashboard.multipurposethemes.com/bs5/main-dark/component_notification.html]
[crypto-tokenizer-admin-dashboard.multipurposethemes.com/bs5/main-dark/js/pages/notification.js]
[crypto-tokenizer-admin-dashboard.multipurposethemes.com/bs5/main-dark/extension_fullscreen.html]
[crypto-tokenizer-admin-dashboard.multipurposethemes.com/bs5/main-dark/js/pages/fullscreen.js]
[crypto-tokenizer-admin-dashboard.multipurposethemes.com/bs5/assets/vendor_components/PACE/pace.min.js]
[crypto-tokenizer-admin-dashboard.multipurposethemes.com/bs5/main-dark/extension_pace.html]
[crypto-tokenizer-admin-dashboard.multipurposethemes.com/bs5/main-dark/js/pages/pace.js]
[crypto-tokenizer-admin-dashboard.multipurposethemes.com/bs5/assets/vendor_components/nestable/jquery.nestable.js]
[crypto-tokenizer-admin-dashboard.multipurposethemes.com/bs5/main-dark/component_nestable.html]
[crypto-tokenizer-admin-dashboard.multipurposethemes.com/bs5/main-dark/js/pages/nestable.js]
[cdnjs.cloudflare.com/ajax/libs/jqueryui-touch-punch/0.2.3/jquery.ui.touch-punch.min.js]
[crypto-tokenizer-admin-dashboard.multipurposethemes.com/bs5/assets/vendor_components/gridstack/lodash.js]
[crypto-tokenizer-admin-dashboard.multipurposethemes.com/bs5/assets/vendor_components/gridstack/gridstack.js]
[crypto-tokenizer-admin-dashboard.multipurposethemes.com/bs5/assets/vendor_components/gridstack/gridstack.jQueryUI.js]
[crypto-tokenizer-admin-dashboard.multipurposethemes.com/bs5/main-dark/component_portlet_draggable.html]
[crypto-tokenizer-admin-dashboard.multipurposethemes.com/bs5/main-dark/ui_typography.html]
[crypto-tokenizer-admin-dashboard.multipurposethemes.com/bs5/main-dark/js/pages/gridstackjs.js]
[crypto-tokenizer-admin-dashboard.multipurposethemes.com/bs5/main-dark/ui_grid.html]
[crypto-tokenizer-admin-dashboard.multipurposethemes.com/bs5/assets/vendor_components/prism/prism.js]
[crypto-tokenizer-admin-dashboard.multipurposethemes.com/bs5/images/card/img1.jpg]
[crypto-tokenizer-admin-dashboard.multipurposethemes.com/bs5/images/card/img2.jpg]
[crypto-tokenizer-admin-dashboard.multipurposethemes.com/bs5/images/card/img3.jpg]
[crypto-tokenizer-admin-dashboard.multipurposethemes.com/bs5/main-dark/ui_tab.html]
[crypto-tokenizer-admin-dashboard.multipurposethemes.com/bs5/images/150x100.png]
[crypto-tokenizer-admin-dashboard.multipurposethemes.com/bs5/main-dark/ui_timeline.html]
[crypto-tokenizer-admin-dashboard.multipurposethemes.com/bs5/main-dark/ui_timeline_horizontal.html]
[crypto-tokenizer-admin-dashboard.multipurposethemes.com/bs5/main-dark/component_bootstrap_switch.html]
[crypto-tokenizer-admin-dashboard.multipurposethemes.com/bs5/assets/vendor_components/horizontal-timeline/js/horizontal-timeline.js]
[crypto-tokenizer-admin-dashboard.multipurposethemes.com/bs5/assets/vendor_components/date-paginator/moment.min.js]
[crypto-tokenizer-admin-dashboard.multipurposethemes.com/bs5/assets/vendor_components/bootstrap-datepicker/dist/js/bootstrap-datepicker.min.js]
[crypto-tokenizer-admin-dashboard.multipurposethemes.com/bs5/assets/vendor_components/date-paginator/bootstrap-datepaginator.min.js]
[crypto-tokenizer-admin-dashboard.multipurposethemes.com/bs5/main-dark/component_date_paginator.html]
[crypto-tokenizer-admin-dashboard.multipurposethemes.com/bs5/main-dark/js/pages/date-paginator.js]
[crypto-tokenizer-admin-dashboard.multipurposethemes.com/bs5/images/gallery/landscape14.jpg]
[crypto-tokenizer-admin-dashboard.multipurposethemes.com/bs5/images/avatar04.png]
[crypto-tokenizer-admin-dashboard.multipurposethemes.com/bs5/main-dark/component_media_advanced.html]
[crypto-tokenizer-admin-dashboard.multipurposethemes.com/bs5/main-dark/component_modals.html]
[crypto-tokenizer-admin-dashboard.multipurposethemes.com/bs5/main-dark/js/pages/media.js]
[crypto-tokenizer-admin-dashboard.multipurposethemes.com/bs5/assets/vendor_components/ion-rangeSlider/js/ion.rangeSlider.min.js]
[crypto-tokenizer-admin-dashboard.multipurposethemes.com/bs5/main-dark/component_rangeslider.html]
[crypto-tokenizer-admin-dashboard.multipurposethemes.com/bs5/main-dark/js/pages/range-sliders.init.js]
[crypto-tokenizer-admin-dashboard.multipurposethemes.com/bs5/assets/vendor_components/raty-master/lib/jquery.raty.js]
[crypto-tokenizer-admin-dashboard.multipurposethemes.com/bs5/main-dark/component_rating.html]
[crypto-tokenizer-admin-dashboard.multipurposethemes.com/bs5/main-dark/js/pages/component-rating-init.js]
[crypto-tokenizer-admin-dashboard.multipurposethemes.com/bs5/main-dark/component_animations.html]
[crypto-tokenizer-admin-dashboard.multipurposethemes.com/bs5/main-dark/box_advanced.html]
[crypto-tokenizer-admin-dashboard.multipurposethemes.com/bs5/main-dark/box_basic.html]
[crypto-tokenizer-admin-dashboard.multipurposethemes.com/bs5/main-dark/box_color.html]
[crypto-tokenizer-admin-dashboard.multipurposethemes.com/bs5/main-dark/ui_color_utilities.html]
[crypto-tokenizer-admin-dashboard.multipurposethemes.com/bs5/main-dark/icons_fontawesome.html]
[crypto-tokenizer-admin-dashboard.multipurposethemes.com/bs5/main-dark/icons_glyphicons.html]
[crypto-tokenizer-admin-dashboard.multipurposethemes.com/bs5/main-dark/icons_material.html]
[crypto-tokenizer-admin-dashboard.multipurposethemes.com/bs5/main-dark/icons_themify.html]
[crypto-tokenizer-admin-dashboard.multipurposethemes.com/bs5/main-dark/js/pages/component-animations-css3.js]
[crypto-tokenizer-admin-dashboard.multipurposethemes.com/bs5/main-dark/icons_simpleline.html]
[crypto-tokenizer-admin-dashboard.multipurposethemes.com/bs5/main-dark/icons_cryptocoins.html]
[crypto-tokenizer-admin-dashboard.multipurposethemes.com/bs5/main-dark/icons_flag.html]
[crypto-tokenizer-admin-dashboard.multipurposethemes.com/bs5/main-dark/icons_weather.html]
[crypto-tokenizer-admin-dashboard.multipurposethemes.com/bs5/main-dark/ui_badges.html]
[crypto-tokenizer-admin-dashboard.multipurposethemes.com/bs5/main-dark/ui_border_utilities.html]
[crypto-tokenizer-admin-dashboard.multipurposethemes.com/bs5/main-dark/ui_buttons.html]
[crypto-tokenizer-admin-dashboard.multipurposethemes.com/bs5/main-dark/ui_dropdown.html]
[crypto-tokenizer-admin-dashboard.multipurposethemes.com/bs5/main-dark/js/pages/icons.js]
[crypto-tokenizer-admin-dashboard.multipurposethemes.com/bs5/main-dark/ui_dropdown_grid.html]
[crypto-tokenizer-admin-dashboard.multipurposethemes.com/bs5/main-dark/ui_progress_bars.html]
[crypto-tokenizer-admin-dashboard.multipurposethemes.com/bs5/main-dark/ui_ribbons.html]
[crypto-tokenizer-admin-dashboard.multipurposethemes.com/bs5/images/img1.jpg]
[crypto-tokenizer-admin-dashboard.multipurposethemes.com/bs5/images/img2.jpg]
[crypto-tokenizer-admin-dashboard.multipurposethemes.com/bs5/images/img3.jpg]
[crypto-tokenizer-admin-dashboard.multipurposethemes.com/bs5/images/gallery/full/slide-1.jpg]
[crypto-tokenizer-admin-dashboard.multipurposethemes.com/bs5/images/gallery/full/slide-2.jpg]
[crypto-tokenizer-admin-dashboard.multipurposethemes.com/bs5/images/gallery/full/slide-3.jpg]
[crypto-tokenizer-admin-dashboard.multipurposethemes.com/bs5/images/gallery/full/slide-4.jpg]
[crypto-tokenizer-admin-dashboard.multipurposethemes.com/bs5/images/card/img4.jpg]
[crypto-tokenizer-admin-dashboard.multipurposethemes.com/bs5/assets/vendor_plugins/bootstrap-slider/bootstrap-slider.js]
[crypto-tokenizer-admin-dashboard.multipurposethemes.com/bs5/assets/vendor_components/OwlCarousel2/dist/owl.carousel.js]
[crypto-tokenizer-admin-dashboard.multipurposethemes.com/bs5/assets/vendor_components/flexslider/jquery.flexslider.js]
[crypto-tokenizer-admin-dashboard.multipurposethemes.com/bs5/main-dark/ui_sliders.html]
[crypto-tokenizer-admin-dashboard.multipurposethemes.com/bs5/main-dark/js/pages/slider.js]
[crypto-tokenizer-admin-dashboard.multipurposethemes.com/bs5/assets/vendor_components/bootstrap-tagsinput/dist/bootstrap-tagsinput.js]
[crypto-tokenizer-admin-dashboard.multipurposethemes.com/bs5/assets/vendor_components/bootstrap-touchspin/dist/jquery.bootstrap-touchspin.min.js]
[crypto-tokenizer-admin-dashboard.multipurposethemes.com/bs5/assets/vendor_plugins/input-mask/jquery.inputmask.js]
[crypto-tokenizer-admin-dashboard.multipurposethemes.com/bs5/assets/vendor_plugins/input-mask/jquery.inputmask.date.extensions.js]
[crypto-tokenizer-admin-dashboard.multipurposethemes.com/bs5/assets/vendor_plugins/input-mask/jquery.inputmask.extensions.js]
[crypto-tokenizer-admin-dashboard.multipurposethemes.com/bs5/assets/vendor_components/bootstrap-daterangepicker/daterangepicker.js]
[crypto-tokenizer-admin-dashboard.multipurposethemes.com/bs5/assets/vendor_components/bootstrap-colorpicker/dist/js/bootstrap-colorpicker.min.js]
[crypto-tokenizer-admin-dashboard.multipurposethemes.com/bs5/assets/vendor_plugins/timepicker/bootstrap-timepicker.min.js]
[crypto-tokenizer-admin-dashboard.multipurposethemes.com/bs5/assets/vendor_plugins/iCheck/icheck.min.js]
[crypto-tokenizer-admin-dashboard.multipurposethemes.com/bs5/main-dark/forms_advanced.html]
[crypto-tokenizer-admin-dashboard.multipurposethemes.com/bs5/main-dark/js/pages/advanced-form-element.js]
[crypto-tokenizer-admin-dashboard.multipurposethemes.com/bs5/assets/vendor_components/formatter/formatter.js]
[crypto-tokenizer-admin-dashboard.multipurposethemes.com/bs5/assets/vendor_components/formatter/jquery.formatter.js]
[crypto-tokenizer-admin-dashboard.multipurposethemes.com/bs5/main-dark/forms_mask.html]
[crypto-tokenizer-admin-dashboard.multipurposethemes.com/bs5/main-dark/js/pages/formatter.js]
[crypto-tokenizer-admin-dashboard.multipurposethemes.com/bs5/assets/vendor_components/moment/src/moment2.js]
[crypto-tokenizer-admin-dashboard.multipurposethemes.com/bs5/assets/vendor_components/x-editable/dist/bootstrap3-editable/js/bootstrap-editable.js]
[crypto-tokenizer-admin-dashboard.multipurposethemes.com/bs5/main-dark/forms_xeditable.html]
[crypto-tokenizer-admin-dashboard.multipurposethemes.com/bs5/main-dark/js/pages/form-x-editable.js]
[crypto-tokenizer-admin-dashboard.multipurposethemes.com/bs5/assets/vendor_plugins/ace-builds-master/src-min-noconflict/ace.js]
[crypto-tokenizer-admin-dashboard.multipurposethemes.com/bs5/main-dark/forms_code_editor.html]
[crypto-tokenizer-admin-dashboard.multipurposethemes.com/bs5/main-dark/js/pages/form-code-editor.js]
[crypto-tokenizer-admin-dashboard.multipurposethemes.com/bs5/assets/vendor_components/ckeditor/ckeditor.js]
[crypto-tokenizer-admin-dashboard.multipurposethemes.com/bs5/assets/vendor_plugins/bootstrap-wysihtml5/bootstrap3-wysihtml5.all.js]
[crypto-tokenizer-admin-dashboard.multipurposethemes.com/bs5/main-dark/forms_editors.html]
[crypto-tokenizer-admin-dashboard.multipurposethemes.com/bs5/main-dark/js/pages/editor.js]
[crypto-tokenizer-admin-dashboard.multipurposethemes.com/bs5/main-dark/forms_dropzone.html]
[crypto-tokenizer-admin-dashboard.multipurposethemes.com/bs5/assets/vendor_components/dropzone/dropzone.js]
[crypto-tokenizer-admin-dashboard.multipurposethemes.com/bs5/assets/vendor_components/bootstrap-markdown-master/js/bootstrap-markdown.js]
[crypto-tokenizer-admin-dashboard.multipurposethemes.com/bs5/assets/vendor_components/marked/marked.js]
[crypto-tokenizer-admin-dashboard.multipurposethemes.com/bs5/main-dark/forms_editor_markdown.html]
[crypto-tokenizer-admin-dashboard.multipurposethemes.com/bs5/main-dark/forms_general.html]
[crypto-tokenizer-admin-dashboard.multipurposethemes.com/bs5/assets/vendor_components/to-markdown/to-markdown.js]
[crypto-tokenizer-admin-dashboard.multipurposethemes.com/bs5/assets/vendor_components/jquery-steps-master/build/jquery.steps.js]
[crypto-tokenizer-admin-dashboard.multipurposethemes.com/bs5/assets/vendor_components/jquery-validation-1.17.0/dist/jquery.validate.min.js]
[crypto-tokenizer-admin-dashboard.multipurposethemes.com/bs5/main-dark/forms_wizard.html]
[crypto-tokenizer-admin-dashboard.multipurposethemes.com/bs5/main-dark/js/pages/steps.js]
[crypto-tokenizer-admin-dashboard.multipurposethemes.com/bs5/main-dark/js/pages/validation.js]
[crypto-tokenizer-admin-dashboard.multipurposethemes.com/bs5/main-dark/forms_validation.html]
[crypto-tokenizer-admin-dashboard.multipurposethemes.com/bs5/main-dark/js/pages/form-validation.js]
[crypto-tokenizer-admin-dashboard.multipurposethemes.com/bs5/images/auth-bg/bg-9.jpg]
[crypto-tokenizer-admin-dashboard.multipurposethemes.com/bs5/main-dark/auth_login.html]
[crypto-tokenizer-admin-dashboard.multipurposethemes.com/bs5/main-dark/auth_login2.html]
[crypto-tokenizer-admin-dashboard.multipurposethemes.com/bs5/images/auth-bg/bg-12.jpg]
[crypto-tokenizer-admin-dashboard.multipurposethemes.com/bs5/main-dark/auth_register.html]
[crypto-tokenizer-admin-dashboard.multipurposethemes.com/bs5/images/auth-bg/bg-6.jpg]
[crypto-tokenizer-admin-dashboard.multipurposethemes.com/bs5/main-dark/auth_register2.html]
[crypto-tokenizer-admin-dashboard.multipurposethemes.com/bs5/images/auth-bg/bg-8.jpg]
[crypto-tokenizer-admin-dashboard.multipurposethemes.com/bs5/main-dark/auth_lockscreen.html]
[crypto-tokenizer-admin-dashboard.multipurposethemes.com/bs5/images/auth-bg/bg-10.jpg]
[crypto-tokenizer-admin-dashboard.multipurposethemes.com/bs5/main-dark/auth_user_pass.html]
[crypto-tokenizer-admin-dashboard.multipurposethemes.com/bs5/main-dark/error_400.html]
[crypto-tokenizer-admin-dashboard.multipurposethemes.com/bs5/main-dark/error_403.html]
[crypto-tokenizer-admin-dashboard.multipurposethemes.com/bs5/images/auth-bg/bg-4.jpg]
[crypto-tokenizer-admin-dashboard.multipurposethemes.com/bs5/images/auth-bg/404.jpg]
[crypto-tokenizer-admin-dashboard.multipurposethemes.com/bs5/main-dark/error_404.html]
[crypto-tokenizer-admin-dashboard.multipurposethemes.com/bs5/images/auth-bg/bg-5.jpg]
[crypto-tokenizer-admin-dashboard.multipurposethemes.com/bs5/images/auth-bg/500.jpg]
[crypto-tokenizer-admin-dashboard.multipurposethemes.com/bs5/main-dark/error_500.html]
[crypto-tokenizer-admin-dashboard.multipurposethemes.com/bs5/main-dark/error_503.html]
[crypto-tokenizer-admin-dashboard.multipurposethemes.com/bs5/main-dark/error_maintenance.html]
[crypto-tokenizer-admin-dashboard.multipurposethemes.com/bs5/main-dark/sample_blank.html]
[crypto-tokenizer-admin-dashboard.multipurposethemes.com/bs5/main-dark/sample_coming_soon_1.html]
[crypto-tokenizer-admin-dashboard.multipurposethemes.com/bs5/images/preview/coming-soon-1.png]
[crypto-tokenizer-admin-dashboard.multipurposethemes.com/bs5/main-dark/sample_coming_soon_2.html]
[crypto-tokenizer-admin-dashboard.multipurposethemes.com/bs5/images/preview/coming-soon-2.png]
[crypto-tokenizer-admin-dashboard.multipurposethemes.com/bs5/main-dark/sample_coming_soon_3.html]
[crypto-tokenizer-admin-dashboard.multipurposethemes.com/bs5/images/preview/coming-soon-3.png]
[crypto-tokenizer-admin-dashboard.multipurposethemes.com/bs5/main-dark/sample_coming_soon.html]
[crypto-tokenizer-admin-dashboard.multipurposethemes.com/bs5/main-dark/sample_faq.html]
[crypto-tokenizer-admin-dashboard.multipurposethemes.com/bs5/main-dark/email_welcome.html]
[crypto-tokenizer-admin-dashboard.multipurposethemes.com/bs5/main-dark/email_verify_email.html]
[crypto-tokenizer-admin-dashboard.multipurposethemes.com/bs5/main-dark/email_change_pass.html]
[crypto-tokenizer-admin-dashboard.multipurposethemes.com/bs5/images/preview/1200x675.jpg]
[crypto-tokenizer-admin-dashboard.multipurposethemes.com/bs5/main-dark/email_update.html]
[crypto-tokenizer-admin-dashboard.multipurposethemes.com/bs5/main-dark/email_expired_card.html]
[crypto-tokenizer-admin-dashboard.multipurposethemes.com/bs5/main-dark/email_closed_account.html]
[crypto-tokenizer-admin-dashboard.multipurposethemes.com/bs5/main-dark/sample_coming_soon_1.html]
[crypto-tokenizer-admin-dashboard.multipurposethemes.com/bs5/main-dark/sample_coming_soon_2.html]
[crypto-tokenizer-admin-dashboard.multipurposethemes.com/bs5/main-dark/sample_coming_soon_3.html]
[crypto-tokenizer-admin-dashboard.multipurposethemes.com/bs5/assets/icons/feather-icons/feather.min.js]
[crypto-tokenizer-admin-dashboard.multipurposethemes.com/bs5/main-dark/js/vendors.min.js]
[crypto-tokenizer-admin-dashboard.multipurposethemes.com/bs5/main-dark/js/pages/chat-popup.js]
[crypto-tokenizer-admin-dashboard.multipurposethemes.com/bs5/assets/vendor_components/apexcharts-bundle/irregular-data-series.js]
[crypto-tokenizer-admin-dashboard.multipurposethemes.com/bs5/assets/vendor_components/bootstrap/dist/css/bootstrap.css]
[crypto-tokenizer-admin-dashboard.multipurposethemes.com/bs5/assets/vendor_components/Web-Ticker-master/jquery.webticker.min.js]
[crypto-tokenizer-admin-dashboard.multipurposethemes.com/bs5/main-dark/js/template.js]
[crypto-tokenizer-admin-dashboard.multipurposethemes.com/bs5/assets/vendor_components/perfect-scrollbar/css/perfect-scrollbar.css]
[crypto-tokenizer-admin-dashboard.multipurposethemes.com/bs5/assets/vendor_components/apexcharts-bundle/dist/apexcharts.js]
[crypto-tokenizer-admin-dashboard.multipurposethemes.com/bs5/main-dark/js/pages/dashboard.js]
[crypto-tokenizer-admin-dashboard.multipurposethemes.com/bs5/assets/vendor_components/morris.js/morris.css]
[crypto-tokenizer-admin-dashboard.multipurposethemes.com/bs5/main-dark/js/pages/dashboard2.js]
[crypto-tokenizer-admin-dashboard.multipurposethemes.com/bs5/main-dark/js/pages/dashboard3.js]
[crypto-tokenizer-admin-dashboard.multipurposethemes.com/bs5/assets/vendor_components/OwlCarousel2/dist/assets/owl.carousel.css]
[crypto-tokenizer-admin-dashboard.multipurposethemes.com/bs5/assets/vendor_components/datatable/datatables.min.js]
[crypto-tokenizer-admin-dashboard.multipurposethemes.com/bs5/images/avatar/6.jpg]
[crypto-tokenizer-admin-dashboard.multipurposethemes.com/bs5/main-dark/js/pages/dashboard4.js]
[crypto-tokenizer-admin-dashboard.multipurposethemes.com/bs5/assets/vendor_components/OwlCarousel2/dist/assets/owl.theme.default.min.css]
[crypto-tokenizer-admin-dashboard.multipurposethemes.com/bs5/main-dark/js/pages/dashboard5.js]
[crypto-tokenizer-admin-dashboard.multipurposethemes.com/bs5/main-dark/js/pages/dashboard6.js]
[crypto-tokenizer-admin-dashboard.multipurposethemes.com/bs5/assets/vendor_components/bootstrap-select/dist/js/bootstrap-select.js]
[crypto-tokenizer-admin-dashboard.multipurposethemes.com/bs5/assets/vendor_components/horizontal-timeline/css/horizontal-timeline.css]
[crypto-tokenizer-admin-dashboard.multipurposethemes.com/bs5/main-dark/js/pages/dashboard7.js]
[crypto-tokenizer-admin-dashboard.multipurposethemes.com/bs5/main-dark/js/pages/dashboard8.js]
[crypto-tokenizer-admin-dashboard.multipurposethemes.com/bs5/assets/vendor_components/flexslider/flexslider.css]
[crypto-tokenizer-admin-dashboard.multipurposethemes.com/bs5/main-dark/js/pages/dashboard10.js]
[crypto-tokenizer-admin-dashboard.multipurposethemes.com/bs5/assets/vendor_components/apexcharts-bundle/data.js]
[crypto-tokenizer-admin-dashboard.multipurposethemes.com/bs5/main-dark/js/pages/dashboard9.js]
[crypto-tokenizer-admin-dashboard.multipurposethemes.com/bs5/assets/vendor_components/prism/prism.css]
[crypto-tokenizer-admin-dashboard.multipurposethemes.com/bs5/main-dark/js/pages/widget-charts2.js]
[crypto-tokenizer-admin-dashboard.multipurposethemes.com/bs5/main-dark/js/pages/dashboard11.js]
[crypto-tokenizer-admin-dashboard.multipurposethemes.com/bs5/assets/vendor_components/chart.js-master/Chart.min.js]
[crypto-tokenizer-admin-dashboard.multipurposethemes.com/bs5/assets/vendor_components/datatable/datatables.min.css]
[crypto-tokenizer-admin-dashboard.multipurposethemes.com/bs5/assets/vendor_components/Flot/jquery.flot.resize.js]
[crypto-tokenizer-admin-dashboard.multipurposethemes.com/bs5/assets/vendor_components/Flot/jquery.flot.pie.js]
[crypto-tokenizer-admin-dashboard.multipurposethemes.com/bs5/assets/vendor_components/Flot/jquery.flot.js]
[crypto-tokenizer-admin-dashboard.multipurposethemes.com/bs5/assets/vendor_components/Magnific-Popup-master/dist/magnific-popup.css]
[crypto-tokenizer-admin-dashboard.multipurposethemes.com/bs5/assets/vendor_components/Flot/jquery.flot.categories.js]
[crypto-tokenizer-admin-dashboard.multipurposethemes.com/bs5/main-dark/js/pages/widget-flot-charts.js]
[crypto-tokenizer-admin-dashboard.multipurposethemes.com/bs5/assets/vendor_components/jquery-knob/js/jquery.knob.js]
[crypto-tokenizer-admin-dashboard.multipurposethemes.com/bs5/assets/vendor_components/gallery/css/animated-masonry-gallery.css]
[crypto-tokenizer-admin-dashboard.multipurposethemes.com/bs5/main-dark/js/pages/widget-inline-charts.js]
[crypto-tokenizer-admin-dashboard.multipurposethemes.com/bs5/assets/vendor_components/morris.js/morris.min.js]
[crypto-tokenizer-admin-dashboard.multipurposethemes.com/bs5/assets/vendor_components/raphael/raphael.min.js]
[crypto-tokenizer-admin-dashboard.multipurposethemes.com/bs5/assets/vendor_components/lightbox-master/dist/ekko-lightbox.css]
[crypto-tokenizer-admin-dashboard.multipurposethemes.com/bs5/assets/vendor_components/jquery.peity/jquery.peity.js]
[crypto-tokenizer-admin-dashboard.multipurposethemes.com/bs5/main-dark/js/pages/peity.js]
[crypto-tokenizer-admin-dashboard.multipurposethemes.com/bs5/main-dark/js/pages/widget-morris-charts.js]
[crypto-tokenizer-admin-dashboard.multipurposethemes.com/bs5/assets/vendor_components/jvectormap/lib2/jquery-jvectormap-2.0.2.css]
[crypto-tokenizer-admin-dashboard.multipurposethemes.com/bs5/main-dark/js/pages/widget-chartist.js]
[crypto-tokenizer-admin-dashboard.multipurposethemes.com/bs5/assets/vendor_components/chartist-js-develop/chartist.js]
[crypto-tokenizer-admin-dashboard.multipurposethemes.com/bs5/assets/vendor_components/c3/d3.min.js]
[crypto-tokenizer-admin-dashboard.multipurposethemes.com/bs5/assets/vendor_components/x-editable/dist/bootstrap3-editable/css/bootstrap-editable.css]
[crypto-tokenizer-admin-dashboard.multipurposethemes.com/bs5/main-dark/js/pages/c3-axis.js]
[crypto-tokenizer-admin-dashboard.multipurposethemes.com/bs5/main-dark/js/pages/c3-bar-pie.js]
[crypto-tokenizer-admin-dashboard.multipurposethemes.com/bs5/assets/vendor_components/c3/c3.min.js]
[crypto-tokenizer-admin-dashboard.multipurposethemes.com/bs5/assets/vendor_components/sweetalert/sweetalert.css]
[crypto-tokenizer-admin-dashboard.multipurposethemes.com/bs5/main-dark/js/pages/c3-line.js]
[crypto-tokenizer-admin-dashboard.multipurposethemes.com/bs5/main-dark/js/pages/c3-stap-line.js]
[crypto-tokenizer-admin-dashboard.multipurposethemes.com/bs5/main-dark/js/pages/c3-data.js]
[crypto-tokenizer-admin-dashboard.multipurposethemes.com/bs5/assets/vendor_components/bootstrap-markdown-master/css/bootstrap-markdown.css]
[crypto-tokenizer-admin-dashboard.multipurposethemes.com/bs5/main-dark/js/pages/c3-multi-xy-line.js]
[crypto-tokenizer-admin-dashboard.multipurposethemes.com/bs5/main-dark/js/pages/echart-line-charts.js]
[crypto-tokenizer-admin-dashboard.multipurposethemes.com/bs5/assets/vendor_components/dropzone/dropzone.css]
[crypto-tokenizer-admin-dashboard.multipurposethemes.com/bs5/assets/vendor_components/echarts/dist/echarts-en.min.js]
[crypto-tokenizer-admin-dashboard.multipurposethemes.com/bs5/main-dark/js/pages/echart-bar.js]
[crypto-tokenizer-admin-dashboard.multipurposethemes.com/bs5/main-dark/js/pages/echart-pie-doghnut.js]
[crypto-tokenizer-admin-dashboard.multipurposethemes.com/bs5/assets/vendor_components/select2/dist/css/select2.min.css]
[crypto-tokenizer-admin-dashboard.multipurposethemes.com/bs5/main-dark/js/pages/market-capitalizations.js]
[crypto-tokenizer-admin-dashboard.multipurposethemes.com/bs5/main-dark/js/pages/chartjs-int.js]
[crypto-tokenizer-admin-dashboard.multipurposethemes.com/bs5/assets/vendor_components/FlipClock-master/compiled/flipclock.min.js]
[crypto-tokenizer-admin-dashboard.multipurposethemes.com/bs5/assets/vendor_components/bootstrap-daterangepicker/daterangepicker.css]
[crypto-tokenizer-admin-dashboard.multipurposethemes.com/bs5/images/gallery/thumb/4.jpg]
[crypto-tokenizer-admin-dashboard.multipurposethemes.com/bs5/main-dark/js/pages/countdown.js]
[crypto-tokenizer-admin-dashboard.multipurposethemes.com/bs5/main-dark/js/pages/progress-animation.js]
[crypto-tokenizer-admin-dashboard.multipurposethemes.com/bs5/assets/vendor_components/bootstrap-datepicker/dist/css/bootstrap-datepicker.min.css]
[crypto-tokenizer-admin-dashboard.multipurposethemes.com/bs5/images/gallery/thumb/5.jpg]
[crypto-tokenizer-admin-dashboard.multipurposethemes.com/bs5/images/gallery/thumb/6.jpg]
[crypto-tokenizer-admin-dashboard.multipurposethemes.com/bs5/assets/vendor_components/bootstrap-colorpicker/dist/css/bootstrap-colorpicker.min.css]
[crypto-tokenizer-admin-dashboard.multipurposethemes.com/bs5/images/gallery/thumb/1.jpg]
[crypto-tokenizer-admin-dashboard.multipurposethemes.com/bs5/main-dark/js/pages/ico-filter.js]
[crypto-tokenizer-admin-dashboard.multipurposethemes.com/bs5/assets/vendor_components/select2/dist/js/select2.full.js]
[crypto-tokenizer-admin-dashboard.multipurposethemes.com/bs5/assets/vendor_components/bootstrap-select/dist/css/bootstrap-select.css]
[crypto-tokenizer-admin-dashboard.multipurposethemes.com/bs5/assets/vendor_components/mixitup-v3/dist/mixitup.js]
[crypto-tokenizer-admin-dashboard.multipurposethemes.com/bs5/images/avatar/375x200/2.jpg]
[crypto-tokenizer-admin-dashboard.multipurposethemes.com/bs5/images/avatar/375x200/1.jpg]
[crypto-tokenizer-admin-dashboard.multipurposethemes.com/bs5/assets/vendor_components/bootstrap-tagsinput/dist/bootstrap-tagsinput.css]
[crypto-tokenizer-admin-dashboard.multipurposethemes.com/bs5/images/avatar/375x200/3.jpg]
[crypto-tokenizer-admin-dashboard.multipurposethemes.com/bs5/images/avatar/375x200/4.jpg]
[crypto-tokenizer-admin-dashboard.multipurposethemes.com/bs5/images/avatar/375x200/5.jpg]
[crypto-tokenizer-admin-dashboard.multipurposethemes.com/bs5/images/avatar/375x200/6.jpg]
[crypto-tokenizer-admin-dashboard.multipurposethemes.com/bs5/assets/vendor_components/bootstrap-touchspin/dist/jquery.bootstrap-touchspin.css]
[crypto-tokenizer-admin-dashboard.multipurposethemes.com/bs5/images/avatar/375x200/7.jpg]
[crypto-tokenizer-admin-dashboard.multipurposethemes.com/bs5/images/avatar/375x200/8.jpg]
[crypto-tokenizer-admin-dashboard.multipurposethemes.com/bs5/images/avatar/5.jpg]
[crypto-tokenizer-admin-dashboard.multipurposethemes.com/bs5/assets/vendor_components/raty-master/lib/jquery.raty.css]
[crypto-tokenizer-admin-dashboard.multipurposethemes.com/bs5/assets/vendor_components/ion-rangeSlider/css/ion.rangeSlider.css]
[crypto-tokenizer-admin-dashboard.multipurposethemes.com/bs5/images/5.jpg]
[crypto-tokenizer-admin-dashboard.multipurposethemes.com/bs5/main-dark/js/pages/web-ticker.js]
[crypto-tokenizer-admin-dashboard.multipurposethemes.com/bs5/assets/vendor_components/countdown/countdown.js]
[crypto-tokenizer-admin-dashboard.multipurposethemes.com/bs5/assets/vendor_components/moment/min/moment.min.js]
[crypto-tokenizer-admin-dashboard.multipurposethemes.com/bs5/assets/vendor_components/ion-rangeSlider/css/ion.rangeSlider.skinModern.css]
[crypto-tokenizer-admin-dashboard.multipurposethemes.com/bs5/main-dark/js/pages/calendar.js]
[crypto-tokenizer-admin-dashboard.multipurposethemes.com/bs5/assets/vendor_components/fullcalendar/fullcalendar.js]
[crypto-tokenizer-admin-dashboard.multipurposethemes.com/bs5/assets/vendor_components/gridstack/gridstack.css]
[crypto-tokenizer-admin-dashboard.multipurposethemes.com/bs5/main-dark/js/pages/extra_taskboard.js]
[crypto-tokenizer-admin-dashboard.multipurposethemes.com/bs5/assets/vendor_components/jquery-ui/jquery-ui.js]
[crypto-tokenizer-admin-dashboard.multipurposethemes.com/bs5/assets/vendor_components/jquery-ui/jquery-ui.min.js]
[crypto-tokenizer-admin-dashboard.multipurposethemes.com/bs5/assets/vendor_components/jquery-toast-plugin-master/src/jquery.toast.css]
[crypto-tokenizer-admin-dashboard.multipurposethemes.com/bs5/assets/vendor_components/fullcalendar/lib/moment.min.js]
[crypto-tokenizer-admin-dashboard.multipurposethemes.com/bs5/assets/vendor_components/fullcalendar/fullcalendar.min.js]
[crypto-tokenizer-admin-dashboard.multipurposethemes.com/bs5/assets/vendor_components/perfect-scrollbar-master/perfect-scrollbar.jquery.min.js]
[crypto-tokenizer-admin-dashboard.multipurposethemes.com/bs5/assets/vendor_components/nestable/nestable.css]
[crypto-tokenizer-admin-dashboard.multipurposethemes.com/bs5/images/1.jpg]
[crypto-tokenizer-admin-dashboard.multipurposethemes.com/bs5/main-dark/js/pages/app-ticket.js]
[crypto-tokenizer-admin-dashboard.multipurposethemes.com/bs5/main-dark/js/pages/data-table.js]
[crypto-tokenizer-admin-dashboard.multipurposethemes.com/bs5/assets/vendor_components/bootstrap-switch/switch.css]
[crypto-tokenizer-admin-dashboard.multipurposethemes.com/bs5/assets/vendor_plugins/iCheck/icheck.js]
[crypto-tokenizer-admin-dashboard.multipurposethemes.com/bs5/assets/vendor_plugins/bootstrap-wysihtml5/bootstrap3-wysihtml5.all.min.js]
[crypto-tokenizer-admin-dashboard.multipurposethemes.com/bs5/assets/vendor_components/c3/c3.min.css]
[crypto-tokenizer-admin-dashboard.multipurposethemes.com/bs5/main-dark/js/pages/mailbox.js]
[crypto-tokenizer-admin-dashboard.multipurposethemes.com/bs5/assets/vendor_plugins/JqueryPrintArea/demo/jquery.PrintArea.js]
[crypto-tokenizer-admin-dashboard.multipurposethemes.com/bs5/main-dark/js/pages/form-compose.js]
[crypto-tokenizer-admin-dashboard.multipurposethemes.com/bs5/assets/vendor_components/chartist-js-develop/chartist.css]
[crypto-tokenizer-admin-dashboard.multipurposethemes.com/bs5/main-dark/js/pages/invoice.js]
[crypto-tokenizer-admin-dashboard.multipurposethemes.com/bs5/assets/vendor_components/gmaps/jquery.gmaps.js]
[crypto-tokenizer-admin-dashboard.multipurposethemes.com/bs5/assets/vendor_components/gmaps/gmaps.min.js]
[crypto-tokenizer-admin-dashboard.multipurposethemes.com/bs5/assets/vendor_plugins/bootstrap-slider/slider.css]
[crypto-tokenizer-admin-dashboard.multipurposethemes.com/bs5/assets/vendor_components/jvectormap/lib2/jquery-jvectormap-2.0.2.min.js]
[crypto-tokenizer-admin-dashboard.multipurposethemes.com/bs5/assets/vendor_components/jvectormap/lib2/jquery-jvectormap-in-mill.js]
[crypto-tokenizer-admin-dashboard.multipurposethemes.com/bs5/assets/vendor_components/jvectormap/lib2/jquery-jvectormap-world-mill-en.js]
[crypto-tokenizer-admin-dashboard.multipurposethemes.com/bs5/assets/vendor_plugins/iCheck/flat/blue.css]
[crypto-tokenizer-admin-dashboard.multipurposethemes.com/bs5/assets/vendor_components/jvectormap/lib2/jquery-jvectormap-au-mill.js]
[crypto-tokenizer-admin-dashboard.multipurposethemes.com/bs5/assets/vendor_components/jvectormap/lib2/jquery-jvectormap-uk-mill-en.js]
[crypto-tokenizer-admin-dashboard.multipurposethemes.com/bs5/assets/vendor_components/jvectormap/lib2/jquery-jvectormap-us-aea-en.js]
[crypto-tokenizer-admin-dashboard.multipurposethemes.com/bs5/assets/vendor_plugins/bootstrap-wysihtml5/bootstrap3-wysihtml5.min.css]
[crypto-tokenizer-admin-dashboard.multipurposethemes.com/bs5/images/preview/email-verify-email.png]
[crypto-tokenizer-admin-dashboard.multipurposethemes.com/bs5/images/preview/email-change-pass.png]
[crypto-tokenizer-admin-dashboard.multipurposethemes.com/bs5/assets/vendor_components/jvectormap/lib2/jvectormap.custom.js]
[crypto-tokenizer-admin-dashboard.multipurposethemes.com/bs5/assets/vendor_plugins/bootstrap-wysihtml5/bootstrap3-wysihtml5.css]
[crypto-tokenizer-admin-dashboard.multipurposethemes.com/bs5/images/preview/email-update.png]
[crypto-tokenizer-admin-dashboard.multipurposethemes.com/bs5/assets/vendor_plugins/iCheck/all.css]
[crypto-tokenizer-admin-dashboard.multipurposethemes.com/bs5/images/preview/email-closed-account.png]
[crypto-tokenizer-admin-dashboard.multipurposethemes.com/bs5/assets/vendor_components/sweetalert/sweetalert.min.js]
[crypto-tokenizer-admin-dashboard.multipurposethemes.com/bs5/assets/vendor_plugins/timepicker/bootstrap-timepicker.min.css]
[crypto-tokenizer-admin-dashboard.multipurposethemes.com/bs5/images/avatar5.png]
[crypto-tokenizer-admin-dashboard.multipurposethemes.com/bs5/assets/vendor_components/sweetalert/jquery.sweet-alert.custom.js]
[crypto-tokenizer-admin-dashboard.multipurposethemes.com/bs5/assets/vendor_plugins/pace/pace.min.css]
[crypto-tokenizer-admin-dashboard.multipurposethemes.com/bs5/images/avatar2.png]
[crypto-tokenizer-admin-dashboard.multipurposethemes.com/bs5/images/avatar.png]
[crypto-tokenizer-admin-dashboard.multipurposethemes.com/bs5/assets/vendor_components/fullcalendar/fullcalendar.min.css]
[crypto-tokenizer-admin-dashboard.multipurposethemes.com/bs5/images/avatar3.png]
[crypto-tokenizer-admin-dashboard.multipurposethemes.com/bs5/assets/vendor_components/weather-icons/weather-icons.css]
[crypto-tokenizer-admin-dashboard.multipurposethemes.com/bs5/assets/vendor_components/jquery-toast-plugin-master/src/jquery.toast.js]
[crypto-tokenizer-admin-dashboard.multipurposethemes.com/bs5/main-dark/js/pages/toastr.js]
[crypto-tokenizer-admin-dashboard.multipurposethemes.com/bs5/main-dark/css/vendors_css.css]
[crypto-tokenizer-admin-dashboard.multipurposethemes.com/bs5/assets/vendor_components/FlipClock-master/compiled/flipclock.css]
[crypto-tokenizer-admin-dashboard.multipurposethemes.com/bs5/main-dark/js/pages/notification.js]
[crypto-tokenizer-admin-dashboard.multipurposethemes.com/bs5/main-dark/js/pages/fullscreen.js]
[crypto-tokenizer-admin-dashboard.multipurposethemes.com/bs5/assets/vendor_components/PACE/pace.min.js]
[crypto-tokenizer-admin-dashboard.multipurposethemes.com/bs5/main-dark/js/pages/pace.js]
[crypto-tokenizer-admin-dashboard.multipurposethemes.com/bs5/main-dark/css/color_theme.css]
[crypto-tokenizer-admin-dashboard.multipurposethemes.com/bs5/main-dark/js/pages/nestable.js]
[crypto-tokenizer-admin-dashboard.multipurposethemes.com/bs5/assets/vendor_components/nestable/jquery.nestable.js]
[cdnjs.cloudflare.com/ajax/libs/jqueryui-touch-punch/0.2.3/jquery.ui.touch-punch.min.js]
[crypto-tokenizer-admin-dashboard.multipurposethemes.com/bs5/main-dark/css/style_rtl.css]
[crypto-tokenizer-admin-dashboard.multipurposethemes.com/bs5/assets/vendor_components/gridstack/gridstack.js]
[crypto-tokenizer-admin-dashboard.multipurposethemes.com/bs5/assets/vendor_components/gridstack/lodash.js]
[crypto-tokenizer-admin-dashboard.multipurposethemes.com/bs5/assets/icons/font-awesome/css/font-awesome.css]
[crypto-tokenizer-admin-dashboard.multipurposethemes.com/bs5/assets/vendor_components/gridstack/gridstack.jQueryUI.js]
[crypto-tokenizer-admin-dashboard.multipurposethemes.com/bs5/main-dark/js/pages/gridstackjs.js]
[crypto-tokenizer-admin-dashboard.multipurposethemes.com/bs5/assets/vendor_components/prism/prism.js]
[crypto-tokenizer-admin-dashboard.multipurposethemes.com/bs5/assets/icons/Ionicons/css/ionicons.css]
[crypto-tokenizer-admin-dashboard.multipurposethemes.com/bs5/images/card/img1.jpg]
[crypto-tokenizer-admin-dashboard.multipurposethemes.com/bs5/images/card/img3.jpg]
[crypto-tokenizer-admin-dashboard.multipurposethemes.com/bs5/images/card/img2.jpg]
[crypto-tokenizer-admin-dashboard.multipurposethemes.com/bs5/assets/icons/themify-icons/themify-icons.css]
[crypto-tokenizer-admin-dashboard.multipurposethemes.com/bs5/assets/icons/linea-icons/linea.css]
[crypto-tokenizer-admin-dashboard.multipurposethemes.com/bs5/assets/vendor_components/date-paginator/moment.min.js]
[crypto-tokenizer-admin-dashboard.multipurposethemes.com/bs5/assets/vendor_components/bootstrap-datepicker/dist/js/bootstrap-datepicker.min.js]
[crypto-tokenizer-admin-dashboard.multipurposethemes.com/bs5/assets/vendor_components/horizontal-timeline/js/horizontal-timeline.js]
[crypto-tokenizer-admin-dashboard.multipurposethemes.com/bs5/assets/icons/glyphicons/glyphicon.css]
[crypto-tokenizer-admin-dashboard.multipurposethemes.com/bs5/images/gallery/landscape14.jpg]
[crypto-tokenizer-admin-dashboard.multipurposethemes.com/bs5/main-dark/js/pages/date-paginator.js]
[crypto-tokenizer-admin-dashboard.multipurposethemes.com/bs5/assets/vendor_components/date-paginator/bootstrap-datepaginator.min.js]
[crypto-tokenizer-admin-dashboard.multipurposethemes.com/bs5/assets/icons/flag-icon-css/css/flag-icon.css]
[crypto-tokenizer-admin-dashboard.multipurposethemes.com/bs5/images/avatar04.png]
[crypto-tokenizer-admin-dashboard.multipurposethemes.com/bs5/main-dark/js/pages/media.js]
[crypto-tokenizer-admin-dashboard.multipurposethemes.com/bs5/assets/icons/material-design-iconic-font/css/materialdesignicons.css]
[crypto-tokenizer-admin-dashboard.multipurposethemes.com/bs5/assets/vendor_components/ion-rangeSlider/js/ion.rangeSlider.min.js]
[crypto-tokenizer-admin-dashboard.multipurposethemes.com/bs5/main-dark/js/pages/range-sliders.init.js]
[crypto-tokenizer-admin-dashboard.multipurposethemes.com/bs5/assets/icons/simple-line-icons/css/simple-line-icons.css]
[crypto-tokenizer-admin-dashboard.multipurposethemes.com/bs5/assets/vendor_components/raty-master/lib/jquery.raty.js]
[crypto-tokenizer-admin-dashboard.multipurposethemes.com/bs5/main-dark/js/pages/component-animations-css3.js]
[crypto-tokenizer-admin-dashboard.multipurposethemes.com/bs5/main-dark/js/pages/component-rating-init.js]
[crypto-tokenizer-admin-dashboard.multipurposethemes.com/bs5/assets/icons/cryptocoins-master/cryptocoins.css]
[crypto-tokenizer-admin-dashboard.multipurposethemes.com/bs5/images/img1.jpg]
[crypto-tokenizer-admin-dashboard.multipurposethemes.com/bs5/images/img2.jpg]
[crypto-tokenizer-admin-dashboard.multipurposethemes.com/bs5/main-dark/js/pages/icons.js]
[crypto-tokenizer-admin-dashboard.multipurposethemes.com/bs5/assets/icons/weather-icons/css/weather-icons.min.css]
[crypto-tokenizer-admin-dashboard.multipurposethemes.com/bs5/images/img3.jpg]
[crypto-tokenizer-admin-dashboard.multipurposethemes.com/bs5/assets/icons/iconsmind/style.css]
[crypto-tokenizer-admin-dashboard.multipurposethemes.com/bs5/images/gallery/full/slide-1.jpg]
[crypto-tokenizer-admin-dashboard.multipurposethemes.com/bs5/images/gallery/full/slide-2.jpg]
[crypto-tokenizer-admin-dashboard.multipurposethemes.com/bs5/assets/icons/icomoon/style.css]
[crypto-tokenizer-admin-dashboard.multipurposethemes.com/bs5/images/gallery/full/slide-3.jpg]
[crypto-tokenizer-admin-dashboard.multipurposethemes.com/bs5/assets/vendor_components/animate/animate.css]
[crypto-tokenizer-admin-dashboard.multipurposethemes.com/bs5/images/preloaders/1.gif]
[crypto-tokenizer-admin-dashboard.multipurposethemes.com/bs5/assets/vendor_plugins/bootstrap-slider/bootstrap-slider.js]
[crypto-tokenizer-admin-dashboard.multipurposethemes.com/bs5/images/gallery/full/slide-4.jpg]
[crypto-tokenizer-admin-dashboard.multipurposethemes.com/bs5/images/card/img4.jpg]
[crypto-tokenizer-admin-dashboard.multipurposethemes.com/bs5/images/user-info.jpg]
[crypto-tokenizer-admin-dashboard.multipurposethemes.com/bs5/main-dark/css/style.css]
[crypto-tokenizer-admin-dashboard.multipurposethemes.com/bs5/assets/vendor_components/OwlCarousel2/dist/owl.carousel.js]
[crypto-tokenizer-admin-dashboard.multipurposethemes.com/bs5/main-dark/css/skin_color.css]
[crypto-tokenizer-admin-dashboard.multipurposethemes.com/bs5/assets/vendor_components/flexslider/jquery.flexslider.js]
[crypto-tokenizer-admin-dashboard.multipurposethemes.com/bs5/images/svg-icon/collapse.svg]
[crypto-tokenizer-admin-dashboard.multipurposethemes.com/bs5/assets/vendor_plugins/input-mask/jquery.inputmask.js]
[crypto-tokenizer-admin-dashboard.multipurposethemes.com/bs5/assets/vendor_components/bootstrap-tagsinput/dist/bootstrap-tagsinput.js]
[crypto-tokenizer-admin-dashboard.multipurposethemes.com/bs5/main-dark/js/pages/slider.js]
[crypto-tokenizer-admin-dashboard.multipurposethemes.com/bs5/images/svg-icon/fullscreen.svg]
[crypto-tokenizer-admin-dashboard.multipurposethemes.com/bs5/assets/vendor_components/bootstrap-touchspin/dist/jquery.bootstrap-touchspin.min.js]
[crypto-tokenizer-admin-dashboard.multipurposethemes.com/bs5/images/svg-icon/search.svg]
[crypto-tokenizer-admin-dashboard.multipurposethemes.com/bs5/assets/vendor_components/bootstrap-daterangepicker/daterangepicker.js]
[crypto-tokenizer-admin-dashboard.multipurposethemes.com/bs5/images/svg-icon/notifications.svg]
[crypto-tokenizer-admin-dashboard.multipurposethemes.com/bs5/assets/vendor_plugins/input-mask/jquery.inputmask.date.extensions.js]
[crypto-tokenizer-admin-dashboard.multipurposethemes.com/bs5/images/svg-icon/user.svg]
[crypto-tokenizer-admin-dashboard.multipurposethemes.com/bs5/assets/vendor_plugins/input-mask/jquery.inputmask.extensions.js]
[crypto-tokenizer-admin-dashboard.multipurposethemes.com/bs5/images/svg-icon/settings.svg]
[crypto-tokenizer-admin-dashboard.multipurposethemes.com/bs5/assets/vendor_components/bootstrap-colorpicker/dist/js/bootstrap-colorpicker.min.js]
[crypto-tokenizer-admin-dashboard.multipurposethemes.com/bs5/images/svg-icon/sidebar-menu/dashboard.svg]
[crypto-tokenizer-admin-dashboard.multipurposethemes.com/bs5/assets/vendor_plugins/timepicker/bootstrap-timepicker.min.js]
[crypto-tokenizer-admin-dashboard.multipurposethemes.com/bs5/images/svg-icon/sidebar-menu/transactions.svg]
[crypto-tokenizer-admin-dashboard.multipurposethemes.com/bs5/assets/vendor_components/formatter/formatter.js]
[crypto-tokenizer-admin-dashboard.multipurposethemes.com/bs5/images/svg-icon/sidebar-menu/apps.svg]
[crypto-tokenizer-admin-dashboard.multipurposethemes.com/bs5/assets/vendor_components/formatter/jquery.formatter.js]
[crypto-tokenizer-admin-dashboard.multipurposethemes.com/bs5/images/svg-icon/sidebar-menu/uielements.svg]
[crypto-tokenizer-admin-dashboard.multipurposethemes.com/bs5/assets/vendor_plugins/iCheck/icheck.min.js]
[crypto-tokenizer-admin-dashboard.multipurposethemes.com/bs5/images/svg-icon/sidebar-menu/forms1.svg]
[crypto-tokenizer-admin-dashboard.multipurposethemes.com/bs5/assets/vendor_components/moment/src/moment2.js]
[crypto-tokenizer-admin-dashboard.multipurposethemes.com/bs5/images/svg-icon/sidebar-menu/authentication.svg]
[crypto-tokenizer-admin-dashboard.multipurposethemes.com/bs5/assets/vendor_components/x-editable/dist/bootstrap3-editable/js/bootstrap-editable.js]
[crypto-tokenizer-admin-dashboard.multipurposethemes.com/bs5/images/svg-icon/sidebar-menu/miscellaneous.svg]
[crypto-tokenizer-admin-dashboard.multipurposethemes.com/bs5/assets/vendor_plugins/ace-builds-master/src-min-noconflict/ace.js]
[crypto-tokenizer-admin-dashboard.multipurposethemes.com/bs5/images/svg-icon/sidebar-menu/pages.svg]
[crypto-tokenizer-admin-dashboard.multipurposethemes.com/bs5/main-dark/js/pages/advanced-form-element.js]
[crypto-tokenizer-admin-dashboard.multipurposethemes.com/bs5/main-dark/js/pages/formatter.js]
[crypto-tokenizer-admin-dashboard.multipurposethemes.com/bs5/images/svg-icon/close.svg]
[crypto-tokenizer-admin-dashboard.multipurposethemes.com/bs5/main-dark/js/pages/form-x-editable.js]
[crypto-tokenizer-admin-dashboard.multipurposethemes.com/bs5/images/svg-icon/apps.svg]
[crypto-tokenizer-admin-dashboard.multipurposethemes.com/bs5/assets/vendor_components/ckeditor/ckeditor.js]
[crypto-tokenizer-admin-dashboard.multipurposethemes.com/bs5/images/svg-icon/advanced.svg]
[crypto-tokenizer-admin-dashboard.multipurposethemes.com/bs5/assets/vendor_plugins/bootstrap-wysihtml5/bootstrap3-wysihtml5.all.js]
[crypto-tokenizer-admin-dashboard.multipurposethemes.com/bs5/assets/vendor_components/dropzone/dropzone.js]
[crypto-tokenizer-admin-dashboard.multipurposethemes.com/bs5/assets/vendor_components/bootstrap-markdown-master/js/bootstrap-markdown.js]
[crypto-tokenizer-admin-dashboard.multipurposethemes.com/bs5/assets/vendor_components/marked/marked.js]
[crypto-tokenizer-admin-dashboard.multipurposethemes.com/bs5/main-dark/js/pages/form-code-editor.js]
[crypto-tokenizer-admin-dashboard.multipurposethemes.com/bs5/assets/vendor_components/jquery-steps-master/build/jquery.steps.js]
[crypto-tokenizer-admin-dashboard.multipurposethemes.com/bs5/main-dark/js/pages/editor.js]
[crypto-tokenizer-admin-dashboard.multipurposethemes.com/bs5/assets/vendor_components/to-markdown/to-markdown.js]
[crypto-tokenizer-admin-dashboard.multipurposethemes.com/bs5/assets/vendor_components/jquery-validation-1.17.0/dist/jquery.validate.min.js]
[crypto-tokenizer-admin-dashboard.multipurposethemes.com/bs5/main-dark/js/pages/steps.js]
[crypto-tokenizer-admin-dashboard.multipurposethemes.com/bs5/main-dark/js/pages/validation.js]
[crypto-tokenizer-admin-dashboard.multipurposethemes.com/bs5/main-dark/GET.1c0.delayed]
[www.amcharts.com/lib/4/core.js]
[crypto-tokenizer-admin-dashboard.multipurposethemes.com/bs5/images/auth-bg/bg-9.jpg]
[crypto-tokenizer-admin-dashboard.multipurposethemes.com/bs5/images/auth-bg/bg-12.jpg]
[crypto-tokenizer-admin-dashboard.multipurposethemes.com/bs5/main-dark/js/pages/form-validation.js]
[www.amcharts.com/lib/4/charts.js]
[crypto-tokenizer-admin-dashboard.multipurposethemes.com/bs5/images/auth-bg/bg-6.jpg]
[crypto-tokenizer-admin-dashboard.multipurposethemes.com/bs5/images/auth-bg/bg-8.jpg]
[crypto-tokenizer-admin-dashboard.multipurposethemes.com/bs5/images/auth-bg/bg-10.jpg]
[www.amcharts.com/lib/4/themes/animated.js]
[crypto-tokenizer-admin-dashboard.multipurposethemes.com/bs5/images/auth-bg/bg-4.jpg]
[crypto-tokenizer-admin-dashboard.multipurposethemes.com/bs5/images/auth-bg/404.jpg]
[code.highcharts.com/highcharts.html]
[crypto-tokenizer-admin-dashboard.multipurposethemes.com/bs5/images/auth-bg/bg-5.jpg]
[code.highcharts.com/modules/data.html]
[crypto-tokenizer-admin-dashboard.multipurposethemes.com/bs5/images/auth-bg/500.jpg]
[code.highcharts.com/modules/exporting.html]
[crypto-tokenizer-admin-dashboard.multipurposethemes.com/bs5/images/preview/coming-soon-1.png]
[code.highcharts.com/modules/export-data.html]
[crypto-tokenizer-admin-dashboard.multipurposethemes.com/bs5/images/preview/coming-soon-2.png]
[www.amcharts.com/lib/4/themes/kelly.js]
[crypto-tokenizer-admin-dashboard.multipurposethemes.com/bs5/images/preview/coming-soon-3.png]
[crypto-tokenizer-admin-dashboard.multipurposethemes.com/bs5/images/preview/1200x675.jpg]
[crypto-tokenizer-admin-dashboard.multipurposethemes.com/bs5/images/preloaders/1.gif]
[crypto-tokenizer-admin-dashboard.multipurposethemes.com/bs5/images/user-info.jpg]
[crypto-tokenizer-admin-dashboard.multipurposethemes.com/bs5/main-dark/Nv8/index.html]
[crypto-tokenizer-admin-dashboard.multipurposethemes.com/bs5/main-dark/YRD/index.html]
[crypto-tokenizer-admin-dashboard.multipurposethemes.com/bs5/main-dark/DA7/index.html]
[crypto-tokenizer-admin-dashboard.multipurposethemes.com/bs5/main-dark/o3G/index.html]
[crypto-tokenizer-admin-dashboard.multipurposethemes.com/bs5/main-dark/email_welcome.html]
[crypto-tokenizer-admin-dashboard.multipurposethemes.com/bs5/main-dark/ND2/index.html]
[crypto-tokenizer-admin-dashboard.multipurposethemes.com/bs5/main-dark/3XS/index.html]
[crypto-tokenizer-admin-dashboard.multipurposethemes.com/bs5/main-dark/email_change_pass.html]
[crypto-tokenizer-admin-dashboard.multipurposethemes.com/bs5/main-dark/LV/index.html]
[crypto-tokenizer-admin-dashboard.multipurposethemes.com/bs5/main-dark/kZk/index.html]
[crypto-tokenizer-admin-dashboard.multipurposethemes.com/bs5/main-dark/email_update.html]
[crypto-tokenizer-admin-dashboard.multipurposethemes.com/bs5/main-dark/email_expired_card.html]
[crypto-tokenizer-admin-dashboard.multipurposethemes.com/bs5/assets/vendor_components/flat-color-icons/SVG/compact_camera.svg]
[crypto-tokenizer-admin-dashboard.multipurposethemes.com/bs5/assets/vendor_components/flat-color-icons/SVG/stack_of_photos.svg]
[crypto-tokenizer-admin-dashboard.multipurposethemes.com/bs5/assets/vendor_components/flat-color-icons/SVG/folder.svg]
[crypto-tokenizer-admin-dashboard.multipurposethemes.com/bs5/assets/vendor_components/flat-color-icons/SVG/start.svg]
[crypto-tokenizer-admin-dashboard.multipurposethemes.com/bs5/assets/vendor_components/flat-color-icons/SVG/music.svg]
[crypto-tokenizer-admin-dashboard.multipurposethemes.com/bs5/assets/vendor_components/flat-color-icons/SVG/news.svg]
[crypto-tokenizer-admin-dashboard.multipurposethemes.com/bs5/assets/vendor_components/flat-color-icons/SVG/contacts.svg]
[crypto-tokenizer-admin-dashboard.multipurposethemes.com/bs5/assets/vendor_components/flat-color-icons/SVG/download.svg]
[crypto-tokenizer-admin-dashboard.multipurposethemes.com/bs5/assets/vendor_components/flat-color-icons/SVG/settings.svg]
[crypto-tokenizer-admin-dashboard.multipurposethemes.com/bs5/assets/vendor_components/flat-color-icons/SVG/phone.svg]
[crypto-tokenizer-admin-dashboard.multipurposethemes.com/bs5/assets/vendor_components/flat-color-icons/SVG/calculator.svg]
[crypto-tokenizer-admin-dashboard.multipurposethemes.com/bs5/assets/vendor_components/flat-color-icons/SVG/alarm_clock.svg]
[crypto-tokenizer-admin-dashboard.multipurposethemes.com/bs5/main-dark/sample_coming_soon_1.html]
[crypto-tokenizer-admin-dashboard.multipurposethemes.com/bs5/main-dark/sample_coming_soon_2.html]
[crypto-tokenizer-admin-dashboard.multipurposethemes.com/bs5/main-dark/sample_coming_soon_3.html]
[crypto-tokenizer-admin-dashboard.multipurposethemes.com/bs5/assets/vendor_components/bootstrap/dist/css/bootstrap.css]
[crypto-tokenizer-admin-dashboard.multipurposethemes.com/bs5/assets/vendor_components/perfect-scrollbar/css/perfect-scrollbar.css]
[crypto-tokenizer-admin-dashboard.multipurposethemes.com/bs5/assets/vendor_components/morris.js/morris.css]
[crypto-tokenizer-admin-dashboard.multipurposethemes.com/bs5/assets/vendor_components/OwlCarousel2/dist/assets/owl.carousel.css]
[crypto-tokenizer-admin-dashboard.multipurposethemes.com/bs5/assets/vendor_components/OwlCarousel2/dist/assets/owl.theme.default.min.css]
[crypto-tokenizer-admin-dashboard.multipurposethemes.com/bs5/assets/vendor_components/horizontal-timeline/css/horizontal-timeline.css]
[crypto-tokenizer-admin-dashboard.multipurposethemes.com/bs5/assets/vendor_components/flexslider/flexslider.css]
[crypto-tokenizer-admin-dashboard.multipurposethemes.com/bs5/assets/vendor_components/prism/prism.css]
[crypto-tokenizer-admin-dashboard.multipurposethemes.com/bs5/assets/vendor_components/datatable/datatables.min.css]
[crypto-tokenizer-admin-dashboard.multipurposethemes.com/bs5/assets/vendor_components/Magnific-Popup-master/dist/magnific-popup.css]
[crypto-tokenizer-admin-dashboard.multipurposethemes.com/bs5/assets/vendor_components/gallery/css/animated-masonry-gallery.css]
[crypto-tokenizer-admin-dashboard.multipurposethemes.com/bs5/assets/vendor_components/lightbox-master/dist/ekko-lightbox.css]
[crypto-tokenizer-admin-dashboard.multipurposethemes.com/bs5/assets/vendor_components/jvectormap/lib2/jquery-jvectormap-2.0.2.css]
[crypto-tokenizer-admin-dashboard.multipurposethemes.com/bs5/assets/vendor_components/x-editable/dist/bootstrap3-editable/css/bootstrap-editable.css]
[crypto-tokenizer-admin-dashboard.multipurposethemes.com/bs5/assets/vendor_components/sweetalert/sweetalert.css]
[crypto-tokenizer-admin-dashboard.multipurposethemes.com/bs5/assets/vendor_components/bootstrap-markdown-master/css/bootstrap-markdown.css]
[crypto-tokenizer-admin-dashboard.multipurposethemes.com/bs5/assets/vendor_components/dropzone/dropzone.css]
[crypto-tokenizer-admin-dashboard.multipurposethemes.com/bs5/assets/vendor_components/select2/dist/css/select2.min.css]
[crypto-tokenizer-admin-dashboard.multipurposethemes.com/bs5/assets/vendor_components/bootstrap-daterangepicker/daterangepicker.css]
[crypto-tokenizer-admin-dashboard.multipurposethemes.com/bs5/assets/vendor_components/bootstrap-datepicker/dist/css/bootstrap-datepicker.min.css]
[crypto-tokenizer-admin-dashboard.multipurposethemes.com/bs5/assets/vendor_components/bootstrap-colorpicker/dist/css/bootstrap-colorpicker.min.css]
[crypto-tokenizer-admin-dashboard.multipurposethemes.com/bs5/assets/vendor_components/bootstrap-select/dist/css/bootstrap-select.css]
[crypto-tokenizer-admin-dashboard.multipurposethemes.com/bs5/assets/vendor_components/bootstrap-tagsinput/dist/bootstrap-tagsinput.css]
[crypto-tokenizer-admin-dashboard.multipurposethemes.com/bs5/assets/vendor_components/bootstrap-touchspin/dist/jquery.bootstrap-touchspin.css]
[crypto-tokenizer-admin-dashboard.multipurposethemes.com/bs5/assets/vendor_components/raty-master/lib/jquery.raty.css]
[crypto-tokenizer-admin-dashboard.multipurposethemes.com/bs5/assets/vendor_components/ion-rangeSlider/css/ion.rangeSlider.css]
[crypto-tokenizer-admin-dashboard.multipurposethemes.com/bs5/assets/vendor_components/ion-rangeSlider/css/ion.rangeSlider.skinModern.css]
[crypto-tokenizer-admin-dashboard.multipurposethemes.com/bs5/assets/vendor_components/gridstack/gridstack.css]
[crypto-tokenizer-admin-dashboard.multipurposethemes.com/bs5/assets/vendor_components/jquery-toast-plugin-master/src/jquery.toast.css]
[crypto-tokenizer-admin-dashboard.multipurposethemes.com/bs5/assets/vendor_components/nestable/nestable.css]
[crypto-tokenizer-admin-dashboard.multipurposethemes.com/bs5/assets/vendor_components/bootstrap-switch/switch.css]
[crypto-tokenizer-admin-dashboard.multipurposethemes.com/bs5/assets/vendor_components/c3/c3.min.css]
[crypto-tokenizer-admin-dashboard.multipurposethemes.com/bs5/assets/vendor_components/chartist-js-develop/chartist.css]
[crypto-tokenizer-admin-dashboard.multipurposethemes.com/bs5/assets/vendor_plugins/bootstrap-slider/slider.css]
[crypto-tokenizer-admin-dashboard.multipurposethemes.com/bs5/assets/vendor_plugins/iCheck/flat/blue.css]
[crypto-tokenizer-admin-dashboard.multipurposethemes.com/bs5/assets/vendor_plugins/bootstrap-wysihtml5/bootstrap3-wysihtml5.min.css]
[crypto-tokenizer-admin-dashboard.multipurposethemes.com/bs5/assets/vendor_plugins/bootstrap-wysihtml5/bootstrap3-wysihtml5.css]
[crypto-tokenizer-admin-dashboard.multipurposethemes.com/bs5/assets/vendor_plugins/iCheck/all.css]
[crypto-tokenizer-admin-dashboard.multipurposethemes.com/bs5/assets/vendor_plugins/timepicker/bootstrap-timepicker.min.css]
[crypto-tokenizer-admin-dashboard.multipurposethemes.com/bs5/assets/vendor_plugins/pace/pace.min.css]
[crypto-tokenizer-admin-dashboard.multipurposethemes.com/bs5/assets/vendor_components/fullcalendar/fullcalendar.min.css]
[crypto-tokenizer-admin-dashboard.multipurposethemes.com/bs5/assets/vendor_components/weather-icons/weather-icons.css]
[crypto-tokenizer-admin-dashboard.multipurposethemes.com/bs5/assets/vendor_components/FlipClock-master/compiled/flipclock.css]
[crypto-tokenizer-admin-dashboard.multipurposethemes.com/bs5/main-dark/css/color_theme.css]
[crypto-tokenizer-admin-dashboard.multipurposethemes.com/bs5/main-dark/css/style_rtl.css]
[crypto-tokenizer-admin-dashboard.multipurposethemes.com/bs5/assets/icons/font-awesome/css/font-awesome.css]
[crypto-tokenizer-admin-dashboard.multipurposethemes.com/bs5/assets/icons/Ionicons/css/ionicons.css]
[crypto-tokenizer-admin-dashboard.multipurposethemes.com/bs5/assets/icons/themify-icons/themify-icons.css]
[crypto-tokenizer-admin-dashboard.multipurposethemes.com/bs5/assets/icons/linea-icons/linea.css]
[crypto-tokenizer-admin-dashboard.multipurposethemes.com/bs5/assets/icons/glyphicons/glyphicon.css]
[crypto-tokenizer-admin-dashboard.multipurposethemes.com/bs5/assets/icons/flag-icon-css/css/flag-icon.css]
[crypto-tokenizer-admin-dashboard.multipurposethemes.com/bs5/assets/icons/material-design-iconic-font/css/materialdesignicons.css]
[crypto-tokenizer-admin-dashboard.multipurposethemes.com/bs5/assets/icons/simple-line-icons/css/simple-line-icons.css]
[crypto-tokenizer-admin-dashboard.multipurposethemes.com/bs5/assets/icons/cryptocoins-master/cryptocoins.css]
[crypto-tokenizer-admin-dashboard.multipurposethemes.com/bs5/assets/icons/weather-icons/css/weather-icons.min.css]
[crypto-tokenizer-admin-dashboard.multipurposethemes.com/bs5/assets/icons/iconsmind/style.css]
[crypto-tokenizer-admin-dashboard.multipurposethemes.com/bs5/assets/icons/icomoon/style.css]
[crypto-tokenizer-admin-dashboard.multipurposethemes.com/bs5/assets/vendor_components/animate/animate.css]
[crypto-tokenizer-admin-dashboard.multipurposethemes.com/bs5/main-dark/Nv8/index.html]
[crypto-tokenizer-admin-dashboard.multipurposethemes.com/bs5/main-dark/YRD/index.html]
[crypto-tokenizer-admin-dashboard.multipurposethemes.com/bs5/main-dark/DA7/index.html]
[crypto-tokenizer-admin-dashboard.multipurposethemes.com/bs5/main-dark/o3G/index.html]
[crypto-tokenizer-admin-dashboard.multipurposethemes.com/bs5/main-dark/ND2/index.html]
[crypto-tokenizer-admin-dashboard.multipurposethemes.com/bs5/main-dark/GET.html]
[crypto-tokenizer-admin-dashboard.multipurposethemes.com/bs5/main-dark/3XS/index.html]
[crypto-tokenizer-admin-dashboard.multipurposethemes.com/bs5/main-dark/LV/index.html]
[crypto-tokenizer-admin-dashboard.multipurposethemes.com/bs5/main-dark/kZk/index.html]
[crypto-tokenizer-admin-dashboard.multipurposethemes.com/bs5/main-dark/8Cf/index.html]
[crypto-tokenizer-admin-dashboard.multipurposethemes.com/bs5/main-dark/8Cf/index.html]
[crypto-tokenizer-admin-dashboard.multipurposethemes.com/bs5/main-dark/0KD/index.html]
[crypto-tokenizer-admin-dashboard.multipurposethemes.com/bs5/main-dark/0KD/index.html]
[crypto-tokenizer-admin-dashboard.multipurposethemes.com/bs5/main-dark/+Z4/index.html]
[crypto-tokenizer-admin-dashboard.multipurposethemes.com/bs5/main-dark/+Z4/index.html]
